Component: ARM Compiler 5.05 update 1 (build 106) Tool: armlink [4d0efa]

==============================================================================

Section Cross References

    startup_stm32f103xb.o(STACK) refers (Special) to heapauxi.o(.text) for __use_two_region_memory
    startup_stm32f103xb.o(HEAP) refers (Special) to heapauxi.o(.text) for __use_two_region_memory
    startup_stm32f103xb.o(RESET) refers (Special) to heapauxi.o(.text) for __use_two_region_memory
    startup_stm32f103xb.o(RESET) refers to startup_stm32f103xb.o(STACK) for __initial_sp
    startup_stm32f103xb.o(RESET) refers to startup_stm32f103xb.o(.text) for Reset_Handler
    startup_stm32f103xb.o(RESET) refers to stm32f1xx_it.o(i.NMI_Handler) for NMI_Handler
    startup_stm32f103xb.o(RESET) refers to stm32f1xx_it.o(i.HardFault_Handler) for HardFault_Handler
    startup_stm32f103xb.o(RESET) refers to stm32f1xx_it.o(i.MemManage_Handler) for MemManage_Handler
    startup_stm32f103xb.o(RESET) refers to stm32f1xx_it.o(i.BusFault_Handler) for BusFault_Handler
    startup_stm32f103xb.o(RESET) refers to stm32f1xx_it.o(i.UsageFault_Handler) for UsageFault_Handler
    startup_stm32f103xb.o(RESET) refers to port.o(.emb_text) for SVC_Handler
    startup_stm32f103xb.o(RESET) refers to stm32f1xx_it.o(i.DebugMon_Handler) for DebugMon_Handler
    startup_stm32f103xb.o(RESET) refers to port.o(i.SysTick_Handler) for SysTick_Handler
    startup_stm32f103xb.o(RESET) refers to stm32f1xx_it.o(i.USB_HP_CAN1_TX_IRQHandler) for USB_HP_CAN1_TX_IRQHandler
    startup_stm32f103xb.o(RESET) refers to stm32f1xx_it.o(i.USB_LP_CAN1_RX0_IRQHandler) for USB_LP_CAN1_RX0_IRQHandler
    startup_stm32f103xb.o(RESET) refers to stm32f1xx_it.o(i.TIM3_IRQHandler) for TIM3_IRQHandler
    startup_stm32f103xb.o(.text) refers (Special) to heapauxi.o(.text) for __use_two_region_memory
    startup_stm32f103xb.o(.text) refers to system_stm32f1xx.o(i.SystemInit) for SystemInit
    startup_stm32f103xb.o(.text) refers to __main.o(!!!main) for __main
    startup_stm32f103xb.o(.text) refers to startup_stm32f103xb.o(HEAP) for Heap_Mem
    startup_stm32f103xb.o(.text) refers to startup_stm32f103xb.o(STACK) for Stack_Mem
    main.o(i.HAL_TIM_PeriodElapsedCallback) refers to stm32f1xx_hal.o(i.HAL_IncTick) for HAL_IncTick
    main.o(i.SystemClock_Config) refers to rt_memclr_w.o(.text) for __aeabi_memclr4
    main.o(i.SystemClock_Config) refers to stm32f1xx_hal_rcc.o(i.HAL_RCC_OscConfig) for HAL_RCC_OscConfig
    main.o(i.SystemClock_Config) refers to stm32f1xx_hal_rcc.o(i.HAL_RCC_ClockConfig) for HAL_RCC_ClockConfig
    main.o(i.SystemClock_Config) refers to stm32f1xx_hal_rcc_ex.o(i.HAL_RCCEx_PeriphCLKConfig) for HAL_RCCEx_PeriphCLKConfig
    main.o(i.main) refers to stm32f1xx_hal.o(i.HAL_Init) for HAL_Init
    main.o(i.main) refers to main.o(i.SystemClock_Config) for SystemClock_Config
    main.o(i.main) refers to stm32f1xx_hal.o(i.HAL_Delay) for HAL_Delay
    main.o(i.main) refers to gpio.o(i.MX_GPIO_Init) for MX_GPIO_Init
    main.o(i.main) refers to iwdg.o(i.MX_IWDG_Init) for MX_IWDG_Init
    main.o(i.main) refers to i2c.o(i.MX_I2C1_Init) for MX_I2C1_Init
    main.o(i.main) refers to adf4351.o(i.ADF4351Init) for ADF4351Init
    main.o(i.main) refers to freertos.o(i.MX_FREERTOS_Init) for MX_FREERTOS_Init
    main.o(i.main) refers to cmsis_os.o(i.osKernelStart) for osKernelStart
    gpio.o(i.HMC_WriteData) refers to stm32f1xx_hal_gpio.o(i.HAL_GPIO_WritePin) for HAL_GPIO_WritePin
    gpio.o(i.MX_GPIO_Init) refers to stm32f1xx_hal_gpio.o(i.HAL_GPIO_WritePin) for HAL_GPIO_WritePin
    gpio.o(i.MX_GPIO_Init) refers to stm32f1xx_hal_gpio.o(i.HAL_GPIO_Init) for HAL_GPIO_Init
    freertos.o(i.AttenGet) refers to strstr.o(.text) for strstr
    freertos.o(i.AttenGet) refers to atof.o(i.atof) for atof
    freertos.o(i.AttenGet) refers to d2f.o(x$fpl$d2f) for __aeabi_d2f
    freertos.o(i.FreqGet) refers to strstr.o(.text) for strstr
    freertos.o(i.FreqGet) refers to atof.o(i.atof) for atof
    freertos.o(i.FreqGet) refers to d2f.o(x$fpl$d2f) for __aeabi_d2f
    freertos.o(i.MX_FREERTOS_Init) refers to rt_memcpy_w.o(.text) for __aeabi_memcpy4
    freertos.o(i.MX_FREERTOS_Init) refers to cmsis_os.o(i.osThreadCreate) for osThreadCreate
    freertos.o(i.MX_FREERTOS_Init) refers to freertos.o(.constdata) for .constdata
    freertos.o(i.MX_FREERTOS_Init) refers to freertos.o(.data) for .data
    freertos.o(i.MainTask) refers to usbd_cdc_if.o(i.usb_printf) for usb_printf
    freertos.o(i.MainTask) refers to stm32f1xx_hal_i2c.o(i.HAL_I2C_Mem_Read) for HAL_I2C_Mem_Read
    freertos.o(i.MainTask) refers to stm32f1xx_hal.o(i.HAL_Delay) for HAL_Delay
    freertos.o(i.MainTask) refers to gpio.o(i.HMC_WriteData) for HMC_WriteData
    freertos.o(i.MainTask) refers to adf4351.o(i.ADF4351Init) for ADF4351Init
    freertos.o(i.MainTask) refers to adf4351.o(i.ADF4351WriteFreq) for ADF4351WriteFreq
    freertos.o(i.MainTask) refers to stm32f1xx_hal_gpio.o(i.HAL_GPIO_TogglePin) for HAL_GPIO_TogglePin
[...]
    _printf_int_hex                          0x080008ab   Thumb Code    28  _printf_hex_int_ll_ptr.o(.text)
    _printf_ll_hex                           0x080008c7   Thumb Code    12  _printf_hex_int_ll_ptr.o(.text)
    _printf_hex_ptr                          0x080008d3   Thumb Code    18  _printf_hex_int_ll_ptr.o(.text)
    __printf                                 0x080008e9   Thumb Code   388  __printf_flags_ss_wp.o(.text)
    __strtod_int                             0x08000aad   Thumb Code    88  strtod.o(.text)
    __aeabi_errno_addr                       0x08000b11   Thumb Code     8  rt_errno_addr_intlibspace.o(.text)
    __errno$intlibspace                      0x08000b11   Thumb Code     0  rt_errno_addr_intlibspace.o(.text)
    __rt_errno_addr$intlibspace              0x08000b11   Thumb Code     0  rt_errno_addr_intlibspace.o(.text)
    _ll_udiv10                               0x08000b19   Thumb Code   138  lludiv10.o(.text)
    isspace                                  0x08000ba3   Thumb Code    18  isspace.o(.text)
    _printf_int_common                       0x08000bb5   Thumb Code   178  _printf_intcommon.o(.text)
    __lib_sel_fp_printf                      0x08000c67   Thumb Code     2  _printf_fp_dec.o(.text)
    _printf_fp_dec_real                      0x08000e15   Thumb Code   620  _printf_fp_dec.o(.text)
    _printf_fp_hex_real                      0x08001081   Thumb Code   754  _printf_fp_hex.o(.text)
    _printf_cs_common                        0x0800137d   Thumb Code    20  _printf_char.o(.text)
    _printf_char                             0x08001391   Thumb Code    16  _printf_char.o(.text)
    _printf_string                           0x080013a1   Thumb Code     8  _printf_char.o(.text)
    _printf_lcs_common                       0x080013a9   Thumb Code    20  _printf_wchar.o(.text)
    _printf_wchar                            0x080013bd   Thumb Code    16  _printf_wchar.o(.text)
    _printf_wstring                          0x080013cd   Thumb Code     8  _printf_wchar.o(.text)
    _sgetc                                   0x080013d5   Thumb Code    30  _sgetc.o(.text)
    _sbackspace                              0x080013f3   Thumb Code    34  _sgetc.o(.text)
    _wcrtomb                                 0x08001415   Thumb Code    64  _wcrtomb.o(.text)
    __user_libspace                          0x08001455   Thumb Code     8  libspace.o(.text)
    __user_perproc_libspace                  0x08001455   Thumb Code     0  libspace.o(.text)
    __user_perthread_libspace                0x08001455   Thumb Code     0  libspace.o(.text)
    __user_setup_stackheap                   0x0800145d   Thumb Code    74  sys_stackheap_outer.o(.text)
    __rt_ctype_table                         0x080014a9   Thumb Code    16  rt_ctype_table.o(.text)
    __rt_locale                              0x080014b9   Thumb Code     8  rt_locale_intlibspace.o(.text)
    _printf_fp_infnan                        0x080014c1   Thumb Code   112  _printf_fp_infnan.o(.text)
    _scanf_really_real                       0x0800173d   Thumb Code   668  scanf_fp.o(.text)
    _btod_etento                             0x080019e5   Thumb Code   216  bigflt0.o(.text)
    exit                                     0x08001ac1   Thumb Code    12  exit.o(.text)
    strcmp                                   0x08001acd   Thumb Code   128  strcmpv7m.o(.text)
    _scanf_really_hex_real                   0x08001b4d   Thumb Code   778  scanf_hexfp.o(.text)
    _scanf_really_infnan                     0x08001e65   Thumb Code   292  scanf_infnan.o(.text)
    _sys_exit                                0x08001f99   Thumb Code     8  sys_exit.o(.text)
    __aeabi_llsl                             0x08001fa5   Thumb Code     0  llshl.o(.text)
    _ll_shift_l                              0x08001fa5   Thumb Code    38  llshl.o(.text)
    _chval                                   0x08001fcb   Thumb Code    28  _chval.o(.text)
    __I$use$semihosting                      0x08001fe7   Thumb Code     0  use_no_semi.o(.text)
    __use_no_semihosting_swi                 0x08001fe7   Thumb Code     2  use_no_semi.o(.text)
    __semihosting_library_function           0x08001fe9   Thumb Code     0  indicate_semi.o(.text)
    _btod_d2e                                0x08001fe9   Thumb Code    62  btod.o(CL$$btod_d2e)
    _d2e_denorm_low                          0x08002027   Thumb Code    70  btod.o(CL$$btod_d2e_denorm_low)
    _d2e_norm_op1                            0x0800206d   Thumb Code    96  btod.o(CL$$btod_d2e_norm_op1)
    __btod_div_common                        0x080020cd   Thumb Code   696  btod.o(CL$$btod_div_common)
    _e2d                                     0x08002405   Thumb Code    80  btod.o(CL$$btod_e2d)
    _e2e                                     0x08002459   Thumb Code   198  btod.o(CL$$btod_e2e)
    _btod_ediv                               0x0800251f   Thumb Code    40  btod.o(CL$$btod_ediv)
    _btod_edivd                              0x08002547   Thumb Code    40  btod.o(CL$$btod_edivd)
    _btod_emul                               0x0800256f   Thumb Code    40  btod.o(CL$$btod_emul)
    _btod_emuld                              0x08002597   Thumb Code    40  btod.o(CL$$btod_emuld)
    __btod_mult_common                       0x080025bf   Thumb Code   580  btod.o(CL$$btod_mult_common)
    ADF4351Init                              0x08002803   Thumb Code   182  adf4351.o(i.ADF4351Init)
    ADF4351WriteFreq                         0x080028b9   Thumb Code   278  adf4351.o(i.ADF4351WriteFreq)
    ADF_Output_GPIOInit                      0x080029fd   Thumb Code    52  adf4351.o(i.ADF_Output_GPIOInit)
    AttenGet                                 0x08002a39   Thumb Code    34  freertos.o(i.AttenGet)
    BusFault_Handler                         0x08002a65   Thumb Code     2  stm32f1xx_it.o(i.BusFault_Handler)
    CDC_Transmit_FS                          0x08002b01   Thumb Code    38  usbd_cdc_if.o(i.CDC_Transmit_FS)
    DebugMon_Handler                         0x08002b2d   Thumb Code     2  stm32f1xx_it.o(i.DebugMon_Handler)
    Error_Handler                            0x08002b2f   Thumb Code     4  main.o(i.Error_Handler)
    FreqGet                                  0x08002b35   Thumb Code    32  freertos.o(i.FreqGet)
    HAL_Delay                                0x08002b65   Thumb Code    32  stm32f1xx_hal.o(i.HAL_Delay)
    HAL_GPIO_Init                            0x08002b89   Thumb Code   446  stm32f1xx_hal_gpio.o(i.HAL_GPIO_Init)
    HAL_GPIO_TogglePin                       0x08002d69   Thumb Code    16  stm32f1xx_hal_gpio.o(i.HAL_GPIO_TogglePin)
    HAL_GPIO_WritePin                        0x08002d79   Thumb Code    10  stm32f1xx_hal_gpio.o(i.HAL_GPIO_WritePin)
    HAL_GetTick                              0x08002d85   Thumb Code     6  stm32f1xx_hal.o(i.HAL_GetTick)
    HAL_I2C_Init                             0x08002d91   Thumb Code   376  stm32f1xx_hal_i2c.o(i.HAL_I2C_Init)
    HAL_I2C_Mem_Read                         0x08002f19   Thumb Code   574  stm32f1xx_hal_i2c.o(i.HAL_I2C_Mem_Read)
    HAL_I2C_Mem_Write                        0x08003169   Thumb Code   294  stm32f1xx_hal_i2c.o(i.HAL_I2C_Mem_Write)
    HAL_I2C_MspInit                          0x08003299   Thumb Code    80  i2c.o(i.HAL_I2C_MspInit)
    HAL_IWDG_Init                            0x080032f5   Thumb Code    90  stm32f1xx_hal_iwdg.o(i.HAL_IWDG_Init)
    HAL_IWDG_Refresh                         0x0800334f   Thumb Code    12  stm32f1xx_hal_iwdg.o(i.HAL_IWDG_Refresh)
    HAL_IncTick                              0x0800335d   Thumb Code    12  stm32f1xx_hal.o(i.HAL_IncTick)
    HAL_Init                                 0x0800336d   Thumb Code    32  stm32f1xx_hal.o(i.HAL_Init)
    HAL_InitTick                             0x08003391   Thumb Code   132  stm32f1xx_hal_timebase_tim.o(i.HAL_InitTick)
    HAL_MspInit                              0x08003429   Thumb Code    48  stm32f1xx_hal_msp.o(i.HAL_MspInit)
    HAL_NVIC_EnableIRQ                       0x0800345d   Thumb Code    26  stm32f1xx_hal_cortex.o(i.HAL_NVIC_EnableIRQ)
    HAL_NVIC_SetPriority                     0x08003479   Thumb Code    60  stm32f1xx_hal_cortex.o(i.HAL_NVIC_SetPriority)
    HAL_NVIC_SetPriorityGrouping             0x080034b9   Thumb Code    26  stm32f1xx_hal_cortex.o(i.HAL_NVIC_SetPriorityGrouping)
    HAL_PCDEx_PMAConfig                      0x080034dd   Thumb Code    60  stm32f1xx_hal_pcd_ex.o(i.HAL_PCDEx_PMAConfig)
    HAL_PCDEx_SetConnectionState             0x08003519   Thumb Code     2  usbd_conf.o(i.HAL_PCDEx_SetConnectionState)
    HAL_PCD_DataInStageCallback              0x0800351b   Thumb Code    18  usbd_conf.o(i.HAL_PCD_DataInStageCallback)
    HAL_PCD_DataOutStageCallback             0x0800352d   Thumb Code    20  usbd_conf.o(i.HAL_PCD_DataOutStageCallback)
    HAL_PCD_EP_Close                         0x08003541   Thumb Code    76  stm32f1xx_hal_pcd.o(i.HAL_PCD_EP_Close)
    HAL_PCD_EP_ClrStall                      0x0800358d   Thumb Code    92  stm32f1xx_hal_pcd.o(i.HAL_PCD_EP_ClrStall)
    HAL_PCD_EP_GetRxCount                    0x080039ff   Thumb Code    18  stm32f1xx_hal_pcd.o(i.HAL_PCD_EP_GetRxCount)
    HAL_PCD_EP_Open                          0x08003a11   Thumb Code    96  stm32f1xx_hal_pcd.o(i.HAL_PCD_EP_Open)
    HAL_PCD_EP_Receive                       0x08003a71   Thumb Code    50  stm32f1xx_hal_pcd.o(i.HAL_PCD_EP_Receive)
    HAL_PCD_EP_SetStall                      0x08003aa3   Thumb Code   114  stm32f1xx_hal_pcd.o(i.HAL_PCD_EP_SetStall)
    HAL_PCD_EP_Transmit                      0x08003b15   Thumb Code    52  stm32f1xx_hal_pcd.o(i.HAL_PCD_EP_Transmit)
    HAL_PCD_IRQHandler                       0x08003b49   Thumb Code   340  stm32f1xx_hal_pcd.o(i.HAL_PCD_IRQHandler)
    HAL_PCD_Init                             0x08003c9d   Thumb Code   218  stm32f1xx_hal_pcd.o(i.HAL_PCD_Init)
    HAL_PCD_MspInit                          0x08003d79   Thumb Code    66  usbd_conf.o(i.HAL_PCD_MspInit)
    HAL_PCD_ResetCallback                    0x08003dc5   Thumb Code    38  usbd_conf.o(i.HAL_PCD_ResetCallback)
    HAL_PCD_ResumeCallback                   0x08003deb   Thumb Code     8  usbd_conf.o(i.HAL_PCD_ResumeCallback)
    HAL_PCD_SOFCallback                      0x08003df3   Thumb Code     8  usbd_conf.o(i.HAL_PCD_SOFCallback)
    HAL_PCD_SetAddress                       0x08003dfb   Thumb Code    40  stm32f1xx_hal_pcd.o(i.HAL_PCD_SetAddress)
    HAL_PCD_SetupStageCallback               0x08003e23   Thumb Code    14  usbd_conf.o(i.HAL_PCD_SetupStageCallback)
    HAL_PCD_Start                            0x08003e31   Thumb Code    50  stm32f1xx_hal_pcd.o(i.HAL_PCD_Start)
    HAL_PCD_SuspendCallback                  0x08003e65   Thumb Code    30  usbd_conf.o(i.HAL_PCD_SuspendCallback)
    HAL_RCCEx_PeriphCLKConfig                0x08003e89   Thumb Code   224  stm32f1xx_hal_rcc_ex.o(i.HAL_RCCEx_PeriphCLKConfig)
    HAL_RCC_ClockConfig                      0x08003f75   Thumb Code   280  stm32f1xx_hal_rcc.o(i.HAL_RCC_ClockConfig)
    HAL_RCC_GetClockConfig                   0x080040a1   Thumb Code    54  stm32f1xx_hal_rcc.o(i.HAL_RCC_GetClockConfig)
    HAL_RCC_GetHCLKFreq                      0x080040e1   Thumb Code     6  stm32f1xx_hal_rcc.o(i.HAL_RCC_GetHCLKFreq)
    HAL_RCC_GetPCLK1Freq                     0x080040ed   Thumb Code    20  stm32f1xx_hal_rcc.o(i.HAL_RCC_GetPCLK1Freq)
    HAL_RCC_GetSysClockFreq                  0x0800410d   Thumb Code    74  stm32f1xx_hal_rcc.o(i.HAL_RCC_GetSysClockFreq)
    HAL_RCC_OscConfig                        0x08004179   Thumb Code   778  stm32f1xx_hal_rcc.o(i.HAL_RCC_OscConfig)
    HAL_TIMEx_BreakCallback                  0x08004499   Thumb Code     2  stm32f1xx_hal_tim_ex.o(i.HAL_TIMEx_BreakCallback)
    HAL_TIMEx_CommutCallback                 0x0800449b   Thumb Code     2  stm32f1xx_hal_tim_ex.o(i.HAL_TIMEx_CommutCallback)
    HAL_TIM_Base_Init                        0x0800449d   Thumb Code    90  stm32f1xx_hal_tim.o(i.HAL_TIM_Base_Init)
    HAL_TIM_Base_MspInit                     0x080044f7   Thumb Code     2  stm32f1xx_hal_tim.o(i.HAL_TIM_Base_MspInit)
    HAL_TIM_Base_Start_IT                    0x080044f9   Thumb Code    76  stm32f1xx_hal_tim.o(i.HAL_TIM_Base_Start_IT)
    HAL_TIM_IC_CaptureCallback               0x08004551   Thumb Code     2  stm32f1xx_hal_tim.o(i.HAL_TIM_IC_CaptureCallback)
    HAL_TIM_IRQHandler                       0x08004553   Thumb Code   358  stm32f1xx_hal_tim.o(i.HAL_TIM_IRQHandler)
    HAL_TIM_OC_DelayElapsedCallback          0x080046b9   Thumb Code     2  stm32f1xx_hal_tim.o(i.HAL_TIM_OC_DelayElapsedCallback)
    HAL_TIM_PWM_PulseFinishedCallback        0x080046bb   Thumb Code     2  stm32f1xx_hal_tim.o(i.HAL_TIM_PWM_PulseFinishedCallback)
    HAL_TIM_PeriodElapsedCallback            0x080046bd   Thumb Code    14  main.o(i.HAL_TIM_PeriodElapsedCallback)
    HAL_TIM_TriggerCallback                  0x080046d1   Thumb Code     2  stm32f1xx_hal_tim.o(i.HAL_TIM_TriggerCallback)
    HMC_WriteData                            0x080046d5   Thumb Code    94  gpio.o(i.HMC_WriteData)
    HardFault_Handler                        0x08004739   Thumb Code     2  stm32f1xx_it.o(i.HardFault_Handler)
    MX_FREERTOS_Init                         0x08004b41   Thumb Code    74  freertos.o(i.MX_FREERTOS_Init)
    MX_GPIO_Init                             0x08004b95   Thumb Code   138  gpio.o(i.MX_GPIO_Init)
    MX_I2C1_Init                             0x08004c2d   Thumb Code    50  i2c.o(i.MX_I2C1_Init)
    MX_IWDG_Init                             0x08004c6d   Thumb Code    36  iwdg.o(i.MX_IWDG_Init)
    MX_USB_DEVICE_Init                       0x08004c99   Thumb Code    66  usb_device.o(i.MX_USB_DEVICE_Init)
    MainTask                                 0x08004ced   Thumb Code   264  freertos.o(i.MainTask)
    MemManage_Handler                        0x08004e75   Thumb Code     2  stm32f1xx_it.o(i.MemManage_Handler)
    NMI_Handler                              0x08004e77   Thumb Code     2  stm32f1xx_it.o(i.NMI_Handler)
    StartDefaultTask                         0x0800518d   Thumb Code    12  freertos.o(i.StartDefaultTask)
    SysTick_Handler                          0x08005199   Thumb Code    38  port.o(i.SysTick_Handler)
    SystemClock_Config                       0x080051c5   Thumb Code   126  main.o(i.SystemClock_Config)
    SystemInit                               0x08005243   Thumb Code     2  system_stm32f1xx.o(i.SystemInit)
    TIM3_IRQHandler                          0x08005245   Thumb Code     6  stm32f1xx_it.o(i.TIM3_IRQHandler)
    TIM_Base_SetConfig                       0x08005251   Thumb Code    94  stm32f1xx_hal_tim.o(i.TIM_Base_SetConfig)
    USBComTask                               0x080052bd   Thumb Code   454  freertos.o(i.USBComTask)
    USBD_CDC_GetDeviceQualifierDescriptor    0x080056dd   Thumb Code     8  usbd_cdc.o(i.USBD_CDC_GetDeviceQualifierDescriptor)
    USBD_CDC_ReceivePacket                   0x080057a1   Thumb Code    40  usbd_cdc.o(i.USBD_CDC_ReceivePacket)
    USBD_CDC_RegisterInterface               0x080057c9   Thumb Code    16  usbd_cdc.o(i.USBD_CDC_RegisterInterface)
    USBD_CDC_SetRxBuffer                     0x080057d9   Thumb Code    12  usbd_cdc.o(i.USBD_CDC_SetRxBuffer)
    USBD_CDC_SetTxBuffer                     0x080057e5   Thumb Code    16  usbd_cdc.o(i.USBD_CDC_SetTxBuffer)
    USBD_CDC_TransmitPacket                  0x080058a1   Thumb Code    54  usbd_cdc.o(i.USBD_CDC_TransmitPacket)
    USBD_ClrClassConfig                      0x080058d7   Thumb Code    14  usbd_core.o(i.USBD_ClrClassConfig)
    USBD_CtlContinueRx                       0x080058e5   Thumb Code    16  usbd_ioreq.o(i.USBD_CtlContinueRx)
    USBD_CtlContinueSendData                 0x080058f5   Thumb Code    16  usbd_ioreq.o(i.USBD_CtlContinueSendData)
    USBD_CtlError                            0x08005905   Thumb Code    22  usbd_ctlreq.o(i.USBD_CtlError)
    USBD_CtlPrepareRx                        0x0800591b   Thumb Code    30  usbd_ioreq.o(i.USBD_CtlPrepareRx)
    USBD_CtlReceiveStatus                    0x08005939   Thumb Code    22  usbd_ioreq.o(i.USBD_CtlReceiveStatus)
    USBD_CtlSendData                         0x0800594f   Thumb Code    26  usbd_ioreq.o(i.USBD_CtlSendData)
    USBD_CtlSendStatus                       0x08005969   Thumb Code    22  usbd_ioreq.o(i.USBD_CtlSendStatus)
    USBD_FS_ConfigStrDescriptor              0x08005981   Thumb Code    16  usbd_desc.o(i.USBD_FS_ConfigStrDescriptor)
    USBD_FS_DeviceDescriptor                 0x080059a1   Thumb Code     8  usbd_desc.o(i.USBD_FS_DeviceDescriptor)
    USBD_FS_InterfaceStrDescriptor           0x080059ad   Thumb Code    16  usbd_desc.o(i.USBD_FS_InterfaceStrDescriptor)
    USBD_FS_LangIDStrDescriptor              0x080059d1   Thumb Code     8  usbd_desc.o(i.USBD_FS_LangIDStrDescriptor)
    USBD_FS_ManufacturerStrDescriptor        0x080059dd   Thumb Code    16  usbd_desc.o(i.USBD_FS_ManufacturerStrDescriptor)
    USBD_FS_ProductStrDescriptor             0x08005a05   Thumb Code    16  usbd_desc.o(i.USBD_FS_ProductStrDescriptor)
    USBD_FS_SerialStrDescriptor              0x08005a31   Thumb Code    48  usbd_desc.o(i.USBD_FS_SerialStrDescriptor)
    USBD_GetString                           0x08005b51   Thumb Code    72  usbd_ctlreq.o(i.USBD_GetString)
    USBD_Init                                0x08005bb1   Thumb Code    42  usbd_core.o(i.USBD_Init)
    USBD_LL_ClearStallEP                     0x08005bdb   Thumb Code    18  usbd_conf.o(i.USBD_LL_ClearStallEP)
    USBD_LL_CloseEP                          0x08005bed   Thumb Code    18  usbd_conf.o(i.USBD_LL_CloseEP)
    USBD_LL_DataInStage                      0x08005bff   Thumb Code   198  usbd_core.o(i.USBD_LL_DataInStage)
    USBD_LL_DataOutStage                     0x08005cc5   Thumb Code   130  usbd_core.o(i.USBD_LL_DataOutStage)
    USBD_LL_GetRxDataSize                    0x08005d47   Thumb Code     8  usbd_conf.o(i.USBD_LL_GetRxDataSize)
    USBD_LL_Init                             0x08005d51   Thumb Code   118  usbd_conf.o(i.USBD_LL_Init)
    USBD_LL_IsStallEP                        0x08005dd1   Thumb Code    32  usbd_conf.o(i.USBD_LL_IsStallEP)
    USBD_LL_OpenEP                           0x08005df1   Thumb Code    24  usbd_conf.o(i.USBD_LL_OpenEP)
    USBD_LL_PrepareReceive                   0x08005e09   Thumb Code    18  usbd_conf.o(i.USBD_LL_PrepareReceive)
    USBD_LL_Reset                            0x08005e1b   Thumb Code    80  usbd_core.o(i.USBD_LL_Reset)
    USBD_LL_Resume                           0x08005e6b   Thumb Code    20  usbd_core.o(i.USBD_LL_Resume)
    USBD_LL_SOF                              0x08005e7f   Thumb Code    24  usbd_core.o(i.USBD_LL_SOF)
    USBD_LL_SetSpeed                         0x08005e97   Thumb Code     6  usbd_core.o(i.USBD_LL_SetSpeed)
    USBD_LL_SetUSBAddress                    0x08005e9d   Thumb Code    18  usbd_conf.o(i.USBD_LL_SetUSBAddress)
    USBD_LL_SetupStage                       0x08005eaf   Thumb Code    90  usbd_core.o(i.USBD_LL_SetupStage)
    USBD_LL_StallEP                          0x08005f09   Thumb Code    18  usbd_conf.o(i.USBD_LL_StallEP)
    USBD_LL_Start                            0x08005f1b   Thumb Code    18  usbd_conf.o(i.USBD_LL_Start)
    USBD_LL_Suspend                          0x08005f2d   Thumb Code    18  usbd_core.o(i.USBD_LL_Suspend)
    USBD_LL_Transmit                         0x08005f3f   Thumb Code    18  usbd_conf.o(i.USBD_LL_Transmit)
    USBD_ParseSetupRequest                   0x08005f51   Thumb Code    40  usbd_ctlreq.o(i.USBD_ParseSetupRequest)
    USBD_RegisterClass                       0x08005f79   Thumb Code    16  usbd_core.o(i.USBD_RegisterClass)
    USBD_SetClassConfig                      0x08005f89   Thumb Code    22  usbd_core.o(i.USBD_SetClassConfig)
    USBD_Start                               0x08006025   Thumb Code    10  usbd_core.o(i.USBD_Start)
    USBD_StdDevReq                           0x0800602f   Thumb Code   274  usbd_ctlreq.o(i.USBD_StdDevReq)
    USBD_StdEPReq                            0x08006141   Thumb Code   336  usbd_ctlreq.o(i.USBD_StdEPReq)
    USBD_StdItfReq                           0x08006291   Thumb Code    78  usbd_ctlreq.o(i.USBD_StdItfReq)
    USBD_static_free                         0x080062df   Thumb Code     2  usbd_conf.o(i.USBD_static_free)
    USBD_static_malloc                       0x080062e1   Thumb Code     4  usbd_conf.o(i.USBD_static_malloc)
    USB_ActivateEndpoint                     0x080062e9   Thumb Code   600  stm32f1xx_ll_usb.o(i.USB_ActivateEndpoint)
    USB_CoreInit                             0x08006541   Thumb Code     4  stm32f1xx_ll_usb.o(i.USB_CoreInit)
    USB_DeactivateEndpoint                   0x08006545   Thumb Code   270  stm32f1xx_ll_usb.o(i.USB_DeactivateEndpoint)
    USB_DevConnect                           0x08006653   Thumb Code     4  stm32f1xx_ll_usb.o(i.USB_DevConnect)
    USB_DevDisconnect                        0x08006657   Thumb Code     4  stm32f1xx_ll_usb.o(i.USB_DevDisconnect)
    USB_DevInit                              0x0800665b   Thumb Code    18  stm32f1xx_ll_usb.o(i.USB_DevInit)
    USB_DisableGlobalInt                     0x0800666d   Thumb Code    14  stm32f1xx_ll_usb.o(i.USB_DisableGlobalInt)
    USB_EP0_OutStart                         0x0800667b   Thumb Code     4  stm32f1xx_ll_usb.o(i.USB_EP0_OutStart)
    USB_EPClearStall                         0x0800667f   Thumb Code   120  stm32f1xx_ll_usb.o(i.USB_EPClearStall)
    USB_EPSetStall                           0x080066f7   Thumb Code    50  stm32f1xx_ll_usb.o(i.USB_EPSetStall)
    USB_EPStartXfer                          0x08006729   Thumb Code  1548  stm32f1xx_ll_usb.o(i.USB_EPStartXfer)
    USB_EnableGlobalInt                      0x08006d35   Thumb Code    18  stm32f1xx_ll_usb.o(i.USB_EnableGlobalInt)
    USB_HP_CAN1_TX_IRQHandler                0x08006d49   Thumb Code     6  stm32f1xx_it.o(i.USB_HP_CAN1_TX_IRQHandler)
    USB_LP_CAN1_RX0_IRQHandler               0x08006d55   Thumb Code     6  stm32f1xx_it.o(i.USB_LP_CAN1_RX0_IRQHandler)
    USB_ReadInterrupts                       0x08006d61   Thumb Code     6  stm32f1xx_ll_usb.o(i.USB_ReadInterrupts)
    USB_ReadPMA                              0x08006d69   Thumb Code    44  stm32f1xx_ll_usb.o(i.USB_ReadPMA)
    USB_SetCurrentMode                       0x08006d95   Thumb Code     4  stm32f1xx_ll_usb.o(i.USB_SetCurrentMode)
    USB_SetDevAddress                        0x08006d99   Thumb Code    12  stm32f1xx_ll_usb.o(i.USB_SetDevAddress)
    USB_WritePMA                             0x08006da5   Thumb Code    38  stm32f1xx_ll_usb.o(i.USB_WritePMA)
    UsageFault_Handler                       0x08006dcb   Thumb Code     2  stm32f1xx_it.o(i.UsageFault_Handler)
    WriteOneRegToADF4351                     0x08006dcd   Thumb Code    38  adf4351.o(i.WriteOneRegToADF4351)
    WriteToADF4351                           0x08006df5   Thumb Code   144  adf4351.o(i.WriteToADF4351)
    __ARM_fpclassify                         0x08006e89   Thumb Code    40  fpclassify.o(i.__ARM_fpclassify)
    __mathlib_dbl_overflow                   0x08006ed1   Thumb Code    14  dunder.o(i.__mathlib_dbl_overflow)
    __mathlib_dbl_underflow                  0x08006ee1   Thumb Code    10  dunder.o(i.__mathlib_dbl_underflow)
    __mathlib_narrow                         0x08006ef1   Thumb Code    16  narrow.o(i.__mathlib_narrow)
    __mathlib_tofloat                        0x08006f01   Thumb Code   132  narrow.o(i.__mathlib_tofloat)
    __support_ldexp                          0x08006f89   Thumb Code    22  ldexp.o(i.__support_ldexp)
    _is_digit                                0x08006f9f   Thumb Code    14  __printf_wp.o(i._is_digit)
    atof                                     0x08006fad   Thumb Code    42  atof.o(i.atof)
    delay_us                                 0x08006fd9   Thumb Code    22  adf4351.o(i.delay_us)
    frexp                                    0x08006ff5   Thumb Code    80  frexp.o(i.frexp)
    ldexp                                    0x0800704d   Thumb Code   116  ldexp.o(i.ldexp)
    main                                     0x080070c1   Thumb Code    42  main.o(i.main)
    osDelay                                  0x080070f7   Thumb Code    14  cmsis_os.o(i.osDelay)
    osKernelStart                            0x08007105   Thumb Code    10  cmsis_os.o(i.osKernelStart)
    osThreadCreate                           0x0800710f   Thumb Code    84  cmsis_os.o(i.osThreadCreate)
    pvPortMalloc                             0x080074a9   Thumb Code   210  heap_4.o(i.pvPortMalloc)
    pxPortInitialiseStack                    0x08007581   Thumb Code    32  port.o(i.pxPortInitialiseStack)
    ulTaskNotifyTake                         0x080075a5   Thumb Code    96  tasks.o(i.ulTaskNotifyTake)
    usb_printf                               0x0800760d   Thumb Code    40  usbd_cdc_if.o(i.usb_printf)
    uxListRemove                             0x08007639   Thumb Code    38  list.o(i.uxListRemove)
    vApplicationGetIdleTaskMemory            0x08007661   Thumb Code    16  freertos.o(i.vApplicationGetIdleTaskMemory)
    vListInitialise                          0x08007675   Thumb Code    22  list.o(i.vListInitialise)
    vListInitialiseItem                      0x0800768b   Thumb Code     6  list.o(i.vListInitialiseItem)
    vListInsert                              0x08007691   Thumb Code    48  list.o(i.vListInsert)
    vListInsertEnd                           0x080076c1   Thumb Code    24  list.o(i.vListInsertEnd)
    vPortEnterCritical                       0x080076d9   Thumb Code    54  port.o(i.vPortEnterCritical)
    vPortExitCritical                        0x08007719   Thumb Code    34  port.o(i.vPortExitCritical)
    vPortFree                                0x08007741   Thumb Code    88  heap_4.o(i.vPortFree)
    vPortSetupTimerInterrupt                 0x0800779d   Thumb Code    32  port.o(i.vPortSetupTimerInterrupt)
    vPortValidateInterruptPriority           0x080077c1   Thumb Code    74  port.o(i.vPortValidateInterruptPriority)
    vTaskDelay                               0x08007815   Thumb Code    66  tasks.o(i.vTaskDelay)
    vTaskNotifyGiveFromISR                   0x08007861   Thumb Code   174  tasks.o(i.vTaskNotifyGiveFromISR)
    vTaskStartScheduler                      0x08007919   Thumb Code    90  tasks.o(i.vTaskStartScheduler)
    vTaskSuspendAll                          0x08007985   Thumb Code    10  tasks.o(i.vTaskSuspendAll)
    vTaskSwitchContext                       0x08007995   Thumb Code    82  tasks.o(i.vTaskSwitchContext)
    xPortStartScheduler                      0x080079f1   Thumb Code   154  port.o(i.xPortStartScheduler)
    xTaskCreate                              0x08007a99   Thumb Code    90  tasks.o(i.xTaskCreate)
    xTaskCreateStatic                        0x08007af3   Thumb Code    86  tasks.o(i.xTaskCreateStatic)
    xTaskIncrementTick                       0x08007b49   Thumb Code   192  tasks.o(i.xTaskIncrementTick)
    xTaskResumeAll                           0x08007c11   Thumb Code   182  tasks.o(i.xTaskResumeAll)
    _get_lc_numeric                          0x08007cd5   Thumb Code    44  lc_numeric_c.o(locale$$code)
    _get_lc_ctype                            0x08007d01   Thumb Code    44  lc_ctype_c.o(locale$$code)
    __aeabi_d2f                              0x08007d2d   Thumb Code     0  d2f.o(x$fpl$d2f)
    _d2f                                     0x08007d2d   Thumb Code    98  d2f.o(x$fpl$d2f)
    __fpl_dcheck_NaN1                        0x08007d91   Thumb Code    10  dcheck1.o(x$fpl$dcheck1)
    __fpl_dcmp_Inf                           0x08007da1   Thumb Code    24  dcmpi.o(x$fpl$dcmpinf)
    __aeabi_cdcmpeq                          0x08007db9   Thumb Code     0  deqf.o(x$fpl$deqf)
    _dcmpeq                                  0x08007db9   Thumb Code   120  deqf.o(x$fpl$deqf)
    __aeabi_i2d                              0x08007e31   Thumb Code     0  dflt_clz.o(x$fpl$dflt)
    _dflt                                    0x08007e31   Thumb Code    46  dflt_clz.o(x$fpl$dflt)
    __aeabi_cdcmple                          0x08007e61   Thumb Code     0  dleqf.o(x$fpl$dleqf)
    _dcmple                                  0x08007e61   Thumb Code   120  dleqf.o(x$fpl$dleqf)
    __fpl_dcmple_InfNaN                      0x08007ec3   Thumb Code     0  dleqf.o(x$fpl$dleqf)
    __fpl_dnaninf                            0x08007ed9   Thumb Code   156  dnaninf.o(x$fpl$dnaninf)
    __fpl_dretinf                            0x08007f75   Thumb Code    12  dretinf.o(x$fpl$dretinf)
    __aeabi_cdrcmple                         0x08007f81   Thumb Code     0  drleqf.o(x$fpl$drleqf)
    _drcmple                                 0x08007f81   Thumb Code   108  drleqf.o(x$fpl$drleqf)
    __aeabi_f2d                              0x08007fed   Thumb Code     0  f2d.o(x$fpl$f2d)
    _f2d                                     0x08007fed   Thumb Code    86  f2d.o(x$fpl$f2d)
    __fpl_fcheck_NaN1                        0x08008045   Thumb Code     6  fcheck1.o(x$fpl$fcheck1)
    __fpl_fcmp_Inf                           0x08008051   Thumb Code    24  fcmpi.o(x$fpl$fcmpinf)
    __aeabi_fdiv                             0x08008069   Thumb Code     0  fdiv.o(x$fpl$fdiv)
    _fdiv                                    0x08008069   Thumb Code   384  fdiv.o(x$fpl$fdiv)
    __aeabi_cfcmpeq                          0x080081ed   Thumb Code     0  feqf.o(x$fpl$feqf)
    _fcmpeq                                  0x080081ed   Thumb Code   104  feqf.o(x$fpl$feqf)
    __aeabi_f2iz                             0x08008255   Thumb Code     0  ffix.o(x$fpl$ffix)
    _ffix                                    0x08008255   Thumb Code    54  ffix.o(x$fpl$ffix)
    __aeabi_f2uiz                            0x0800828d   Thumb Code     0  ffixu.o(x$fpl$ffixu)
    _ffixu                                   0x0800828d   Thumb Code    62  ffixu.o(x$fpl$ffixu)
    __aeabi_ui2f                             0x080082cd   Thumb Code     0  fflt_clz.o(x$fpl$ffltu)
    _ffltu                                   0x080082cd   Thumb Code    38  fflt_clz.o(x$fpl$ffltu)
    __aeabi_fmul                             0x080082f5   Thumb Code     0  fmul.o(x$fpl$fmul)
    _fmul                                    0x080082f5   Thumb Code   258  fmul.o(x$fpl$fmul)
    __fpl_fnaninf                            0x080083f7   Thumb Code   140  fnaninf.o(x$fpl$fnaninf)
    __fpl_fretinf                            0x08008483   Thumb Code    10  fretinf.o(x$fpl$fretinf)
    _printf_fp_dec                           0x0800848d   Thumb Code     4  printf1.o(x$fpl$printf1)
    _printf_fp_hex                           0x08008491   Thumb Code     4  printf2.o(x$fpl$printf2)
    __fpl_return_NaN                         0x08008495   Thumb Code   100  retnan.o(x$fpl$retnan)
    __ARM_scalbn                             0x080084f9   Thumb Code    92  scalbn.o(x$fpl$scalbn)
    __ARM_scalbnf                            0x08008555   Thumb Code    76  scalbnf.o(x$fpl$scalbnf)
    _scanf_real                              0x080085a1   Thumb Code     4  scanf1.o(x$fpl$scanf1)
    _scanf_hex_real                          0x080085a5   Thumb Code     4  scanf2.o(x$fpl$scanf2)
    _scanf_infnan                            0x080085a9   Thumb Code     4  scanf2.o(x$fpl$scanf2)
    __fpl_cmpreturn                          0x080085ad   Thumb Code    48  trapv.o(x$fpl$trapveneer)
    __I$use$fp                               0x080085dc   Number         0  usenofp.o(x$fpl$usenofp)
    AHBPrescTable                            0x08008630   Data          16  system_stm32f1xx.o(.constdata)
    APBPrescTable                            0x08008640   Data           8  system_stm32f1xx.o(.constdata)
    Region$$Table$$Base                      0x08008768   Number         0  anon$$obj.o(Region$$Table)
    Region$$Table$$Limit                     0x08008788   Number         0  anon$$obj.o(Region$$Table)
    __aeabi_HUGE_VAL                         0x08008788   Data           0  fpconst.o(c$$dinf)
    __aeabi_HUGE_VALL                        0x08008788   Data           0  fpconst.o(c$$dinf)
    __aeabi_INFINITY                         0x08008788   Data           0  fpconst.o(c$$dinf)
    __dInf                                   0x08008788   Data           0  fpconst.o(c$$dinf)
    __huge_val                               0x08008788   Data           0  fpconst.o(c$$dinf)
    __ctype                                  0x080087b9   Data           0  lc_ctype_c.o(locale$$data)
    freq                                     0x20000000   Data           4  freertos.o(.data)
    atten                                    0x20000004   Data           4  freertos.o(.data)
    defaultTaskHandle                        0x20000008   Data           4  freertos.o(.data)
    mainTaskHandle                           0x2000000c   Data           4  freertos.o(.data)
    usbcomTaskHandle                         0x20000010   Data           4  freertos.o(.data)
    FS_Desc                                  0x20000014   Data          28  usbd_desc.o(.data)
    USBD_LangIDDesc                          0x20000030   Data           4  usbd_desc.o(.data)
    USBD_FS_DeviceDesc                       0x20000034   Data          18  usbd_desc.o(.data)
    USBD_StringSerial                        0x20000048   Data          26  usbd_desc.o(.data)
    USBD_Interface_fops_FS                   0x20000064   Data          16  usbd_cdc_if.o(.data)
    RxLen                                    0x20000074   Data           4  usbd_cdc_if.o(.data)
    uwTickFreq                               0x20000078   Data           1  stm32f1xx_hal.o(.data)
    uwTickPrio                               0x2000007c   Data           4  stm32f1xx_hal.o(.data)
    uwTick                                   0x20000080   Data           4  stm32f1xx_hal.o(.data)
    SystemCoreClock                          0x20000084   Data           4  system_stm32f1xx.o(.data)
    pxCurrentTCB                             0x20000088   Data           4  tasks.o(.data)
    USBD_CDC_CfgHSDesc                       0x200000f8   Data          67  usbd_cdc.o(.data)
    USBD_CDC_CfgFSDesc                       0x2000013c   Data          67  usbd_cdc.o(.data)
    USBD_CDC_OtherSpeedCfgDesc               0x20000180   Data          67  usbd_cdc.o(.data)
    USBD_CDC                                 0x200001c4   Data          56  usbd_cdc.o(.data)
    hi2c1                                    0x20000450   Data          84  i2c.o(.bss)
    hiwdg                                    0x200004a4   Data          12  iwdg.o(.bss)
    htim3                                    0x200004b0   Data          72  stm32f1xx_hal_timebase_tim.o(.bss)
    hUsbDeviceFS                             0x200004f8   Data         708  usb_device.o(.bss)
    USBD_StrDesc                             0x200007bc   Data         512  usbd_desc.o(.bss)
    pRx                                      0x200009bc   Data          64  usbd_cdc_if.o(.bss)
    UserRxBufferFS                           0x200009fc   Data        1024  usbd_cdc_if.o(.bss)
    UserTxBufferFS                           0x20000dfc   Data        1024  usbd_cdc_if.o(.bss)
    hpcd_USB_FS                              0x2000141c   Data         748  usbd_conf.o(.bss)
    __libspace_start                         0x200023f8   Data          96  libspace.o(.bss)
    __temporary_stack_top$libspace           0x20002458   Data           0  libspace.o(.bss)



==============================================================================

Memory Map of the image

  Image Entry point : 0x080000ed

  Load Region LR_IROM1 (Base: 0x08000000, Size: 0x00008ab8, Max: 0x00020000, ABSOLUTE, COMPRESSED[0x00008984])

    Execution Region ER_IROM1 (Base: 0x08000000, Size: 0x000088bc, Max: 0x00020000, ABSOLUTE)

    Base Addr    Size         Type   Attr      Idx    E Section Name        Object

    0x08000000   0x000000ec   Data   RO            3    RESET               startup_stm32f103xb.o
    0x080000ec   0x00000008   Code   RO         5632  * !!!main             c_w.l(__main.o)
    0x080000f4   0x00000034   Code   RO         6107    !!!scatter          c_w.l(__scatter.o)
    0x08000128   0x0000005a   Code   RO         6105    !!dczerorl2         c_w.l(__dczerorl2.o)
    0x08000182   0x00000002   PAD
    0x08000184   0x0000001c   Code   RO         6109    !!handler_zi        c_w.l(__scatter_zi.o)
    0x080001a0   0x00000000   Code   RO         5762    .ARM.Collect$$_printf_percent$$00000000  c_w.l(_printf_percent.o)
    0x080001a0   0x00000006   Code   RO         5751    .ARM.Collect$$_printf_percent$$00000001  c_w.l(_printf_n.o)
    0x080001a6   0x00000006   Code   RO         5753    .ARM.Collect$$_printf_percent$$00000002  c_w.l(_printf_p.o)
    0x080001ac   0x00000006   Code   RO         5758    .ARM.Collect$$_printf_percent$$00000003  c_w.l(_printf_f.o)
    0x080001b2   0x00000006   Code   RO         5759    .ARM.Collect$$_printf_percent$$00000004  c_w.l(_printf_e.o)
    0x080001b8   0x00000006   Code   RO         5760    .ARM.Collect$$_printf_percent$$00000005  c_w.l(_printf_g.o)
    0x080001be   0x00000006   Code   RO         5761    .ARM.Collect$$_printf_percent$$00000006  c_w.l(_printf_a.o)
    0x080001c4   0x0000000a   Code   RO         5766    .ARM.Collect$$_printf_percent$$00000007  c_w.l(_printf_ll.o)
    0x080001ce   0x00000006   Code   RO         5755    .ARM.Collect$$_printf_percent$$00000008  c_w.l(_printf_i.o)
    0x080001d4   0x00000006   Code   RO         5756    .ARM.Collect$$_printf_percent$$00000009  c_w.l(_printf_d.o)
    0x080001da   0x00000006   Code   RO         5757    .ARM.Collect$$_printf_percent$$0000000A  c_w.l(_printf_u.o)
    0x080001e0   0x00000006   Code   RO         5754    .ARM.Collect$$_printf_percent$$0000000B  c_w.l(_printf_o.o)
    0x080001e6   0x00000006   Code   RO         5752    .ARM.Collect$$_printf_percent$$0000000C  c_w.l(_printf_x.o)
    0x080001ec   0x00000006   Code   RO         5763    .ARM.Collect$$_printf_percent$$0000000D  c_w.l(_printf_lli.o)
    0x080001f2   0x00000006   Code   RO         5764    .ARM.Collect$$_printf_percent$$0000000E  c_w.l(_printf_lld.o)
    0x080001f8   0x00000006   Code   RO         5765    .ARM.Collect$$_printf_percent$$0000000F  c_w.l(_printf_llu.o)
    0x080001fe   0x00000006   Code   RO         5770    .ARM.Collect$$_printf_percent$$00000010  c_w.l(_printf_llo.o)
    0x08000204   0x00000006   Code   RO         5771    .ARM.Collect$$_printf_percent$$00000011  c_w.l(_printf_llx.o)
    0x0800020a   0x0000000a   Code   RO         5767    .ARM.Collect$$_printf_percent$$00000012  c_w.l(_printf_l.o)
    0x08000214   0x00000006   Code   RO         5749    .ARM.Collect$$_printf_percent$$00000013  c_w.l(_printf_c.o)
    0x0800021a   0x00000006   Code   RO         5750    .ARM.Collect$$_printf_percent$$00000014  c_w.l(_printf_s.o)
    0x08000220   0x00000006   Code   RO         5768    .ARM.Collect$$_printf_percent$$00000015  c_w.l(_printf_lc.o)
    0x08000226   0x00000006   Code   RO         5769    .ARM.Collect$$_printf_percent$$00000016  c_w.l(_printf_ls.o)
    0x0800022c   0x00000004   Code   RO         5836    .ARM.Collect$$_printf_percent$$00000017  c_w.l(_printf_percent_end.o)
    0x08000230   0x00000002   Code   RO         5898    .ARM.Collect$$libinit$$00000000  c_w.l(libinit.o)
    0x08000232   0x00000000   Code   RO         5900    .ARM.Collect$$libinit$$00000002  c_w.l(libinit2.o)
    0x08000232   0x00000000   Code   RO         5902    .ARM.Collect$$libinit$$00000004  c_w.l(libinit2.o)
    0x08000232   0x00000000   Code   RO         5905    .ARM.Collect$$libinit$$0000000A  c_w.l(libinit2.o)
    0x08000232   0x00000000   Code   RO         5907    .ARM.Collect$$libinit$$0000000C  c_w.l(libinit2.o)
    0x08000232   0x00000000   Code   RO         5909    .ARM.Collect$$libinit$$0000000E  c_w.l(libinit2.o)
    0x08000232   0x00000006   Code   RO         5910    .ARM.Collect$$libinit$$0000000F  c_w.l(libinit2.o)
    0x08000238   0x00000000   Code   RO         5912    .ARM.Collect$$libinit$$00000011  c_w.l(libinit2.o)
    0x08000238   0x0000000c   Code   RO         5913    .ARM.Collect$$libinit$$00000012  c_w.l(libinit2.o)
    0x08000244   0x00000000   Code   RO         5914    .ARM.Collect$$libinit$$00000013  c_w.l(libinit2.o)
    0x08000244   0x00000000   Code   RO         5916    .ARM.Collect$$libinit$$00000015  c_w.l(libinit2.o)
    0x08000244   0x0000000a   Code   RO         5917    .ARM.Collect$$libinit$$00000016  c_w.l(libinit2.o)
    0x0800024e   0x00000000   Code   RO         5918    .ARM.Collect$$libinit$$00000017  c_w.l(libinit2.o)
    0x0800024e   0x00000000   Code   RO         5920    .ARM.Collect$$libinit$$00000019  c_w.l(libinit2.o)
    0x0800024e   0x00000000   Code   RO         5922    .ARM.Collect$$libinit$$0000001B  c_w.l(libinit2.o)
    0x0800024e   0x00000000   Code   RO         5924    .ARM.Collect$$libinit$$0000001D  c_w.l(libinit2.o)
    0x0800024e   0x00000000   Code   RO         5926    .ARM.Collect$$libinit$$0000001F  c_w.l(libinit2.o)
    0x0800024e   0x00000000   Code   RO         5928    .ARM.Collect$$libinit$$00000021  c_w.l(libinit2.o)
    0x0800024e   0x00000000   Code   RO         5930    .ARM.Collect$$libinit$$00000023  c_w.l(libinit2.o)
    0x0800024e   0x00000000   Code   RO         5932    .ARM.Collect$$libinit$$00000025  c_w.l(libinit2.o)
    0x0800024e   0x00000000   Code   RO         5936    .ARM.Collect$$libinit$$0000002C  c_w.l(libinit2.o)
    0x0800024e   0x00000000   Code   RO         5938    .ARM.Collect$$libinit$$0000002E  c_w.l(libinit2.o)
    0x0800024e   0x00000000   Code   RO         5940    .ARM.Collect$$libinit$$00000030  c_w.l(libinit2.o)
    0x0800024e   0x00000000   Code   RO         5942    .ARM.Collect$$libinit$$00000032  c_w.l(libinit2.o)
    0x0800024e   0x00000002   Code   RO         5943    .ARM.Collect$$libinit$$00000033  c_w.l(libinit2.o)
    0x08000250   0x00000002   Code   RO         6011    .ARM.Collect$$libshutdown$$00000000  c_w.l(libshutdown.o)
    0x08000252   0x00000000   Code   RO         6037    .ARM.Collect$$libshutdown$$00000003  c_w.l(libshutdown2.o)
    0x08000252   0x00000000   Code   RO         6040    .ARM.Collect$$libshutdown$$00000006  c_w.l(libshutdown2.o)
    0x08000252   0x00000000   Code   RO         6043    .ARM.Collect$$libshutdown$$00000009  c_w.l(libshutdown2.o)
    0x08000252   0x00000000   Code   RO         6045    .ARM.Collect$$libshutdown$$0000000B  c_w.l(libshutdown2.o)
    0x08000252   0x00000000   Code   RO         6048    .ARM.Collect$$libshutdown$$0000000E  c_w.l(libshutdown2.o)
    0x08000252   0x00000002   Code   RO         6049    .ARM.Collect$$libshutdown$$0000000F  c_w.l(libshutdown2.o)
    0x08000254   0x00000000   Code   RO         5676    .ARM.Collect$$rtentry$$00000000  c_w.l(__rtentry.o)
    0x08000254   0x00000000   Code   RO         5800    .ARM.Collect$$rtentry$$00000002  c_w.l(__rtentry2.o)
    0x08000254   0x00000006   Code   RO         5812    .ARM.Collect$$rtentry$$00000004  c_w.l(__rtentry4.o)
    0x0800025a   0x00000000   Code   RO         5802    .ARM.Collect$$rtentry$$00000009  c_w.l(__rtentry2.o)
    0x0800025a   0x00000004   Code   RO         5803    .ARM.Collect$$rtentry$$0000000A  c_w.l(__rtentry2.o)
    0x0800025e   0x00000000   Code   RO         5805    .ARM.Collect$$rtentry$$0000000C  c_w.l(__rtentry2.o)
    0x0800025e   0x00000008   Code   RO         5806    .ARM.Collect$$rtentry$$0000000D  c_w.l(__rtentry2.o)
    0x08000266   0x00000002   Code   RO         5950    .ARM.Collect$$rtexit$$00000000  c_w.l(rtexit.o)
    0x08000268   0x00000000   Code   RO         5975    .ARM.Collect$$rtexit$$00000002  c_w.l(rtexit2.o)
    0x08000268   0x00000004   Code   RO         5976    .ARM.Collect$$rtexit$$00000003  c_w.l(rtexit2.o)
    0x0800026c   0x00000006   Code   RO         5977    .ARM.Collect$$rtexit$$00000004  c_w.l(rtexit2.o)
    0x08000272   0x00000002   PAD
    0x08000274   0x00000096   Code   RO         5094    .emb_text           port.o
    0x0800030a   0x00000002   PAD
    0x0800030c   0x00000040   Code   RO            4    .text               startup_stm32f103xb.o
    0x0800034c   0x00000034   Code   RO         5618    .text               c_w.l(vsnprintf.o)
    0x08000380   0x00000024   Code   RO         5620    .text               c_w.l(strstr.o)
    0x080003a4   0x0000008a   Code   RO         5622    .text               c_w.l(rt_memcpy_v6.o)
    0x0800042e   0x00000064   Code   RO         5624    .text               c_w.l(rt_memcpy_w.o)
    0x08000492   0x0000004e   Code   RO         5628    .text               c_w.l(rt_memclr_w.o)
    0x080004e0   0x00000006   Code   RO         5630    .text               c_w.l(heapauxi.o)
    0x080004e6   0x00000016   Code   RO         5677    .text               c_w.l(_rserrno.o)
    0x080004fc   0x0000004e   Code   RO         5681    .text               c_w.l(_printf_pad.o)
    0x0800054a   0x00000024   Code   RO         5683    .text               c_w.l(_printf_truncate.o)
    0x0800056e   0x00000052   Code   RO         5685    .text               c_w.l(_printf_str.o)
    0x080005c0   0x00000078   Code   RO         5687    .text               c_w.l(_printf_dec.o)
    0x08000638   0x00000028   Code   RO         5689    .text               c_w.l(_printf_charcount.o)
    0x08000660   0x00000030   Code   RO         5691    .text               c_w.l(_printf_char_common.o)
    0x08000690   0x0000000a   Code   RO         5693    .text               c_w.l(_sputc.o)
    0x0800069a   0x00000010   Code   RO         5695    .text               c_w.l(_snputc.o)
    0x080006aa   0x00000002   PAD
    0x080006ac   0x000000bc   Code   RO         5697    .text               c_w.l(_printf_wctomb.o)
    0x08000768   0x0000007c   Code   RO         5700    .text               c_w.l(_printf_longlong_dec.o)
    0x080007e4   0x00000070   Code   RO         5706    .text               c_w.l(_printf_oct_int_ll.o)
    0x08000854   0x00000094   Code   RO         5726    .text               c_w.l(_printf_hex_int_ll_ptr.o)
    0x080008e8   0x00000188   Code   RO         5746    .text               c_w.l(__printf_flags_ss_wp.o)
    0x08000a70   0x000000a0   Code   RO         5772    .text               c_w.l(strtod.o)
    0x08000b10   0x00000008   Code   RO         5817    .text               c_w.l(rt_errno_addr_intlibspace.o)
    0x08000b18   0x0000008a   Code   RO         5819    .text               c_w.l(lludiv10.o)
    0x08000ba2   0x00000012   Code   RO         5821    .text               c_w.l(isspace.o)
    0x08000bb4   0x000000b2   Code   RO         5823    .text               c_w.l(_printf_intcommon.o)
    0x08000c66   0x0000041a   Code   RO         5825    .text               c_w.l(_printf_fp_dec.o)
    0x08001080   0x000002fc   Code   RO         5827    .text               c_w.l(_printf_fp_hex.o)
    0x0800137c   0x0000002c   Code   RO         5832    .text               c_w.l(_printf_char.o)
    0x080013a8   0x0000002c   Code   RO         5834    .text               c_w.l(_printf_wchar.o)
    0x080013d4   0x00000040   Code   RO         5837    .text               c_w.l(_sgetc.o)
    0x08001414   0x00000040   Code   RO         5839    .text               c_w.l(_wcrtomb.o)
    0x08001454   0x00000008   Code   RO         5848    .text               c_w.l(libspace.o)
    0x0800145c   0x0000004a   Code   RO         5851    .text               c_w.l(sys_stackheap_outer.o)
    0x080014a6   0x00000002   PAD
    0x080014a8   0x00000010   Code   RO         5853    .text               c_w.l(rt_ctype_table.o)
    0x080014b8   0x00000008   Code   RO         5858    .text               c_w.l(rt_locale_intlibspace.o)
    0x080014c0   0x00000080   Code   RO         5860    .text               c_w.l(_printf_fp_infnan.o)
    0x08001540   0x000004a4   Code   RO         5862    .text               c_w.l(scanf_fp.o)
    0x080019e4   0x000000dc   Code   RO         5864    .text               c_w.l(bigflt0.o)
    0x08001ac0   0x0000000c   Code   RO         5889    .text               c_w.l(exit.o)
    0x08001acc   0x00000080   Code   RO         5891    .text               c_w.l(strcmpv7m.o)
    0x08001b4c   0x00000318   Code   RO         5981    .text               c_w.l(scanf_hexfp.o)
    0x08001e64   0x00000134   Code   RO         5983    .text               c_w.l(scanf_infnan.o)
    0x08001f98   0x0000000c   Code   RO         5997    .text               c_w.l(sys_exit.o)
    0x08001fa4   0x00000026   Code   RO         6001    .text               c_w.l(llshl.o)
    0x08001fca   0x0000001c   Code   RO         6003    .text               c_w.l(_chval.o)
    0x08001fe6   0x00000002   Code   RO         6026    .text               c_w.l(use_no_semi.o)
    0x08001fe8   0x00000000   Code   RO         6028    .text               c_w.l(indicate_semi.o)
    0x08001fe8   0x0000003e   Code   RO         5867    CL$$btod_d2e        c_w.l(btod.o)
    0x08002026   0x00000046   Code   RO         5869    CL$$btod_d2e_denorm_low  c_w.l(btod.o)
    0x0800206c   0x00000060   Code   RO         5868    CL$$btod_d2e_norm_op1  c_w.l(btod.o)
    0x080020cc   0x00000338   Code   RO         5877    CL$$btod_div_common  c_w.l(btod.o)
    0x08002404   0x00000054   Code   RO         5875    CL$$btod_e2d        c_w.l(btod.o)
    0x08002458   0x000000c6   Code   RO         5874    CL$$btod_e2e        c_w.l(btod.o)
    0x0800251e   0x00000028   Code   RO         5871    CL$$btod_ediv       c_w.l(btod.o)
    0x08002546   0x00000028   Code   RO         5873    CL$$btod_edivd      c_w.l(btod.o)
    0x0800256e   0x00000028   Code   RO         5870    CL$$btod_emul       c_w.l(btod.o)
    0x08002596   0x00000028   Code   RO         5872    CL$$btod_emuld      c_w.l(btod.o)
    0x080025be   0x00000244   Code   RO         5876    CL$$btod_mult_common  c_w.l(btod.o)
    0x08002802   0x000000b6   Code   RO         5543    i.ADF4351Init       adf4351.o
    0x080028b8   0x00000144   Code   RO         5544    i.ADF4351WriteFreq  adf4351.o
    0x080029fc   0x0000003c   Code   RO         5546    i.ADF_Output_GPIOInit  adf4351.o
    0x08002a38   0x0000002c   Code   RO          280    i.AttenGet          freertos.o
    0x08002a64   0x00000002   Code   RO          428    i.BusFault_Handler  stm32f1xx_it.o
    0x08002a66   0x00000004   Code   RO          684    i.CDC_Control_FS    usbd_cdc_if.o
    0x08002a6a   0x00000004   Code   RO          685    i.CDC_DeInit_FS     usbd_cdc_if.o
    0x08002a6e   0x00000002   PAD
    0x08002a70   0x00000024   Code   RO          686    i.CDC_Init_FS       usbd_cdc_if.o
    0x08002a94   0x0000006c   Code   RO          687    i.CDC_Receive_FS    usbd_cdc_if.o
    0x08002b00   0x0000002c   Code   RO          688    i.CDC_Transmit_FS   usbd_cdc_if.o
    0x08002b2c   0x00000002   Code   RO          429    i.DebugMon_Handler  stm32f1xx_it.o
    0x08002b2e   0x00000004   Code   RO           13    i.Error_Handler     main.o
    0x08002b32   0x00000002   PAD
    0x08002b34   0x00000030   Code   RO          281    i.FreqGet           freertos.o
    0x08002b64   0x00000024   Code   RO         1466    i.HAL_Delay         stm32f1xx_hal.o
    0x08002b88   0x000001e0   Code   RO         1774    i.HAL_GPIO_Init     stm32f1xx_hal_gpio.o
    0x08002d68   0x00000010   Code   RO         1777    i.HAL_GPIO_TogglePin  stm32f1xx_hal_gpio.o
    0x08002d78   0x0000000a   Code   RO         1778    i.HAL_GPIO_WritePin  stm32f1xx_hal_gpio.o
    0x08002d82   0x00000002   PAD
    0x08002d84   0x0000000c   Code   RO         1470    i.HAL_GetTick       stm32f1xx_hal.o
    0x08002d90   0x00000188   Code   RO         2445    i.HAL_I2C_Init      stm32f1xx_hal_i2c.o
    0x08002f18   0x00000250   Code   RO         2463    i.HAL_I2C_Mem_Read  stm32f1xx_hal_i2c.o
    0x08003168   0x00000130   Code   RO         2466    i.HAL_I2C_Mem_Write  stm32f1xx_hal_i2c.o
    0x08003298   0x0000005c   Code   RO          355    i.HAL_I2C_MspInit   i2c.o
    0x080032f4   0x0000005a   Code   RO         2866    i.HAL_IWDG_Init     stm32f1xx_hal_iwdg.o
    0x0800334e   0x0000000c   Code   RO         2867    i.HAL_IWDG_Refresh  stm32f1xx_hal_iwdg.o
    0x0800335a   0x00000002   PAD
    0x0800335c   0x00000010   Code   RO         1476    i.HAL_IncTick       stm32f1xx_hal.o
    0x0800336c   0x00000024   Code   RO         1477    i.HAL_Init          stm32f1xx_hal.o
    0x08003390   0x00000098   Code   RO          528    i.HAL_InitTick      stm32f1xx_hal_timebase_tim.o
    0x08003428   0x00000034   Code   RO          504    i.HAL_MspInit       stm32f1xx_hal_msp.o
    0x0800345c   0x0000001a   Code   RO         1934    i.HAL_NVIC_EnableIRQ  stm32f1xx_hal_cortex.o
    0x08003476   0x00000002   PAD
    0x08003478   0x00000040   Code   RO         1940    i.HAL_NVIC_SetPriority  stm32f1xx_hal_cortex.o
    0x080034b8   0x00000024   Code   RO         1941    i.HAL_NVIC_SetPriorityGrouping  stm32f1xx_hal_cortex.o
    0x080034dc   0x0000003c   Code   RO         1239    i.HAL_PCDEx_PMAConfig  stm32f1xx_hal_pcd_ex.o
    0x08003518   0x00000002   Code   RO          758    i.HAL_PCDEx_SetConnectionState  usbd_conf.o
    0x0800351a   0x00000012   Code   RO          760    i.HAL_PCD_DataInStageCallback  usbd_conf.o
    0x0800352c   0x00000014   Code   RO          761    i.HAL_PCD_DataOutStageCallback  usbd_conf.o
    0x08003540   0x0000004c   Code   RO         1015    i.HAL_PCD_EP_Close  stm32f1xx_hal_pcd.o
    0x0800358c   0x0000005c   Code   RO         1016    i.HAL_PCD_EP_ClrStall  stm32f1xx_hal_pcd.o
    0x080035e8   0x000000e6   Code   RO         1017    i.HAL_PCD_EP_DB_Receive  stm32f1xx_hal_pcd.o
    0x080036ce   0x00000330   Code   RO         1018    i.HAL_PCD_EP_DB_Transmit  stm32f1xx_hal_pcd.o
    0x080039fe   0x00000012   Code   RO         1020    i.HAL_PCD_EP_GetRxCount  stm32f1xx_hal_pcd.o
    0x08003a10   0x00000060   Code   RO         1021    i.HAL_PCD_EP_Open   stm32f1xx_hal_pcd.o
    0x08003a70   0x00000032   Code   RO         1022    i.HAL_PCD_EP_Receive  stm32f1xx_hal_pcd.o
    0x08003aa2   0x00000072   Code   RO         1023    i.HAL_PCD_EP_SetStall  stm32f1xx_hal_pcd.o
    0x08003b14   0x00000034   Code   RO         1024    i.HAL_PCD_EP_Transmit  stm32f1xx_hal_pcd.o
    0x08003b48   0x00000154   Code   RO         1026    i.HAL_PCD_IRQHandler  stm32f1xx_hal_pcd.o
    0x08003c9c   0x000000da   Code   RO         1029    i.HAL_PCD_Init      stm32f1xx_hal_pcd.o
    0x08003d76   0x00000002   PAD
    0x08003d78   0x0000004c   Code   RO          766    i.HAL_PCD_MspInit   usbd_conf.o
    0x08003dc4   0x00000026   Code   RO          767    i.HAL_PCD_ResetCallback  usbd_conf.o
    0x08003dea   0x00000008   Code   RO          768    i.HAL_PCD_ResumeCallback  usbd_conf.o
    0x08003df2   0x00000008   Code   RO          769    i.HAL_PCD_SOFCallback  usbd_conf.o
    0x08003dfa   0x00000028   Code   RO         1035    i.HAL_PCD_SetAddress  stm32f1xx_hal_pcd.o
    0x08003e22   0x0000000e   Code   RO          770    i.HAL_PCD_SetupStageCallback  usbd_conf.o
    0x08003e30   0x00000032   Code   RO         1037    i.HAL_PCD_Start     stm32f1xx_hal_pcd.o
    0x08003e62   0x00000002   PAD
    0x08003e64   0x00000024   Code   RO          771    i.HAL_PCD_SuspendCallback  usbd_conf.o
    0x08003e88   0x000000ec   Code   RO         1737    i.HAL_RCCEx_PeriphCLKConfig  stm32f1xx_hal_rcc_ex.o
    0x08003f74   0x0000012c   Code   RO         1634    i.HAL_RCC_ClockConfig  stm32f1xx_hal_rcc.o
    0x080040a0   0x00000040   Code   RO         1638    i.HAL_RCC_GetClockConfig  stm32f1xx_hal_rcc.o
    0x080040e0   0x0000000c   Code   RO         1639    i.HAL_RCC_GetHCLKFreq  stm32f1xx_hal_rcc.o
    0x080040ec   0x00000020   Code   RO         1641    i.HAL_RCC_GetPCLK1Freq  stm32f1xx_hal_rcc.o
    0x0800410c   0x0000006c   Code   RO         1643    i.HAL_RCC_GetSysClockFreq  stm32f1xx_hal_rcc.o
    0x08004178   0x00000320   Code   RO         1646    i.HAL_RCC_OscConfig  stm32f1xx_hal_rcc.o
    0x08004498   0x00000002   Code   RO         3602    i.HAL_TIMEx_BreakCallback  stm32f1xx_hal_tim_ex.o
    0x0800449a   0x00000002   Code   RO         3603    i.HAL_TIMEx_CommutCallback  stm32f1xx_hal_tim_ex.o
    0x0800449c   0x0000005a   Code   RO         2898    i.HAL_TIM_Base_Init  stm32f1xx_hal_tim.o
    0x080044f6   0x00000002   Code   RO         2900    i.HAL_TIM_Base_MspInit  stm32f1xx_hal_tim.o
    0x080044f8   0x00000058   Code   RO         2903    i.HAL_TIM_Base_Start_IT  stm32f1xx_hal_tim.o
    0x08004550   0x00000002   Code   RO         2932    i.HAL_TIM_IC_CaptureCallback  stm32f1xx_hal_tim.o
    0x08004552   0x00000166   Code   RO         2946    i.HAL_TIM_IRQHandler  stm32f1xx_hal_tim.o
    0x080046b8   0x00000002   Code   RO         2949    i.HAL_TIM_OC_DelayElapsedCallback  stm32f1xx_hal_tim.o
    0x080046ba   0x00000002   Code   RO         2976    i.HAL_TIM_PWM_PulseFinishedCallback  stm32f1xx_hal_tim.o
    0x080046bc   0x00000014   Code   RO           14    i.HAL_TIM_PeriodElapsedCallback  main.o
    0x080046d0   0x00000002   Code   RO         2989    i.HAL_TIM_TriggerCallback  stm32f1xx_hal_tim.o
    0x080046d2   0x00000002   PAD
    0x080046d4   0x00000064   Code   RO          250    i.HMC_WriteData     gpio.o
    0x08004738   0x00000002   Code   RO          430    i.HardFault_Handler  stm32f1xx_it.o
    0x0800473a   0x0000002e   Code   RO         2487    i.I2C_IsAcknowledgeFailed  stm32f1xx_hal_i2c.o
    0x08004768   0x000000fc   Code   RO         2497    i.I2C_RequestMemoryRead  stm32f1xx_hal_i2c.o
    0x08004864   0x000000a8   Code   RO         2498    i.I2C_RequestMemoryWrite  stm32f1xx_hal_i2c.o
    0x0800490c   0x0000004c   Code   RO         2502    i.I2C_WaitOnBTFFlagUntilTimeout  stm32f1xx_hal_i2c.o
    0x08004958   0x00000068   Code   RO         2503    i.I2C_WaitOnFlagUntilTimeout  stm32f1xx_hal_i2c.o
    0x080049c0   0x00000096   Code   RO         2504    i.I2C_WaitOnMasterAddressFlagUntilTimeout  stm32f1xx_hal_i2c.o
    0x08004a56   0x00000066   Code   RO         2505    i.I2C_WaitOnRXNEFlagUntilTimeout  stm32f1xx_hal_i2c.o
    0x08004abc   0x0000004c   Code   RO         2506    i.I2C_WaitOnTXEFlagUntilTimeout  stm32f1xx_hal_i2c.o
    0x08004b08   0x00000038   Code   RO          598    i.IntToUnicode      usbd_desc.o
    0x08004b40   0x00000054   Code   RO          282    i.MX_FREERTOS_Init  freertos.o
    0x08004b94   0x00000098   Code   RO          251    i.MX_GPIO_Init      gpio.o
    0x08004c2c   0x00000040   Code   RO          356    i.MX_I2C1_Init      i2c.o
    0x08004c6c   0x0000002c   Code   RO          398    i.MX_IWDG_Init      iwdg.o
    0x08004c98   0x00000054   Code   RO          567    i.MX_USB_DEVICE_Init  usb_device.o
    0x08004cec   0x00000188   Code   RO          283    i.MainTask          freertos.o
    0x08004e74   0x00000002   Code   RO          431    i.MemManage_Handler  stm32f1xx_it.o
    0x08004e76   0x00000002   Code   RO          432    i.NMI_Handler       stm32f1xx_it.o
    0x08004e78   0x00000314   Code   RO         1041    i.PCD_EP_ISR_Handler  stm32f1xx_hal_pcd.o
    0x0800518c   0x0000000c   Code   RO          284    i.StartDefaultTask  freertos.o
    0x08005198   0x0000002c   Code   RO         5095    i.SysTick_Handler   port.o
    0x080051c4   0x0000007e   Code   RO           15    i.SystemClock_Config  main.o
    0x08005242   0x00000002   Code   RO         3870    i.SystemInit        system_stm32f1xx.o
    0x08005244   0x0000000c   Code   RO          433    i.TIM3_IRQHandler   stm32f1xx_it.o
    0x08005250   0x0000006c   Code   RO         2991    i.TIM_Base_SetConfig  stm32f1xx_hal_tim.o
    0x080052bc   0x00000344   Code   RO          285    i.USBComTask        freertos.o
    0x08005600   0x00000046   Code   RO         5437    i.USBD_CDC_DataIn   usbd_cdc.o
    0x08005646   0x0000002e   Code   RO         5438    i.USBD_CDC_DataOut  usbd_cdc.o
    0x08005674   0x00000044   Code   RO         5439    i.USBD_CDC_DeInit   usbd_cdc.o
    0x080056b8   0x00000024   Code   RO         5440    i.USBD_CDC_EP0_RxReady  usbd_cdc.o
    0x080056dc   0x0000000c   Code   RO         5441    i.USBD_CDC_GetDeviceQualifierDescriptor  usbd_cdc.o
    0x080056e8   0x0000000c   Code   RO         5442    i.USBD_CDC_GetFSCfgDesc  usbd_cdc.o
    0x080056f4   0x0000000c   Code   RO         5443    i.USBD_CDC_GetHSCfgDesc  usbd_cdc.o
    0x08005700   0x0000000c   Code   RO         5444    i.USBD_CDC_GetOtherSpeedCfgDesc  usbd_cdc.o
    0x0800570c   0x00000094   Code   RO         5445    i.USBD_CDC_Init     usbd_cdc.o
    0x080057a0   0x00000028   Code   RO         5446    i.USBD_CDC_ReceivePacket  usbd_cdc.o
    0x080057c8   0x00000010   Code   RO         5447    i.USBD_CDC_RegisterInterface  usbd_cdc.o
    0x080057d8   0x0000000c   Code   RO         5448    i.USBD_CDC_SetRxBuffer  usbd_cdc.o
    0x080057e4   0x00000010   Code   RO         5449    i.USBD_CDC_SetTxBuffer  usbd_cdc.o
    0x080057f4   0x000000ac   Code   RO         5450    i.USBD_CDC_Setup    usbd_cdc.o
    0x080058a0   0x00000036   Code   RO         5451    i.USBD_CDC_TransmitPacket  usbd_cdc.o
    0x080058d6   0x0000000e   Code   RO         5174    i.USBD_ClrClassConfig  usbd_core.o
    0x080058e4   0x00000010   Code   RO         5377    i.USBD_CtlContinueRx  usbd_ioreq.o
    0x080058f4   0x00000010   Code   RO         5378    i.USBD_CtlContinueSendData  usbd_ioreq.o
    0x08005904   0x00000016   Code   RO         5312    i.USBD_CtlError     usbd_ctlreq.o
    0x0800591a   0x0000001e   Code   RO         5379    i.USBD_CtlPrepareRx  usbd_ioreq.o
    0x08005938   0x00000016   Code   RO         5380    i.USBD_CtlReceiveStatus  usbd_ioreq.o
    0x0800594e   0x0000001a   Code   RO         5381    i.USBD_CtlSendData  usbd_ioreq.o
    0x08005968   0x00000016   Code   RO         5382    i.USBD_CtlSendStatus  usbd_ioreq.o
    0x0800597e   0x00000002   PAD
    0x08005980   0x00000020   Code   RO          599    i.USBD_FS_ConfigStrDescriptor  usbd_desc.o
    0x080059a0   0x0000000c   Code   RO          600    i.USBD_FS_DeviceDescriptor  usbd_desc.o
    0x080059ac   0x00000024   Code   RO          601    i.USBD_FS_InterfaceStrDescriptor  usbd_desc.o
    0x080059d0   0x0000000c   Code   RO          602    i.USBD_FS_LangIDStrDescriptor  usbd_desc.o
    0x080059dc   0x00000028   Code   RO          603    i.USBD_FS_ManufacturerStrDescriptor  usbd_desc.o
    0x08005a04   0x0000002c   Code   RO          604    i.USBD_FS_ProductStrDescriptor  usbd_desc.o
    0x08005a30   0x00000038   Code   RO          605    i.USBD_FS_SerialStrDescriptor  usbd_desc.o
    0x08005a68   0x000000e8   Code   RO         5313    i.USBD_GetDescriptor  usbd_ctlreq.o
    0x08005b50   0x00000048   Code   RO         5314    i.USBD_GetString    usbd_ctlreq.o
    0x08005b98   0x00000018   Code   RO          772    i.USBD_Get_USB_Status  usbd_conf.o
    0x08005bb0   0x0000002a   Code   RO         5176    i.USBD_Init         usbd_core.o
    0x08005bda   0x00000012   Code   RO          773    i.USBD_LL_ClearStallEP  usbd_conf.o
    0x08005bec   0x00000012   Code   RO          774    i.USBD_LL_CloseEP   usbd_conf.o
    0x08005bfe   0x000000c6   Code   RO         5177    i.USBD_LL_DataInStage  usbd_core.o
    0x08005cc4   0x00000082   Code   RO         5178    i.USBD_LL_DataOutStage  usbd_core.o
    0x08005d46   0x00000008   Code   RO          778    i.USBD_LL_GetRxDataSize  usbd_conf.o
    0x08005d4e   0x00000002   PAD
    0x08005d50   0x00000080   Code   RO          779    i.USBD_LL_Init      usbd_conf.o
    0x08005dd0   0x00000020   Code   RO          780    i.USBD_LL_IsStallEP  usbd_conf.o
    0x08005df0   0x00000018   Code   RO          781    i.USBD_LL_OpenEP    usbd_conf.o
    0x08005e08   0x00000012   Code   RO          782    i.USBD_LL_PrepareReceive  usbd_conf.o
    0x08005e1a   0x00000050   Code   RO         5183    i.USBD_LL_Reset     usbd_core.o
    0x08005e6a   0x00000014   Code   RO         5184    i.USBD_LL_Resume    usbd_core.o
    0x08005e7e   0x00000018   Code   RO         5185    i.USBD_LL_SOF       usbd_core.o
    0x08005e96   0x00000006   Code   RO         5186    i.USBD_LL_SetSpeed  usbd_core.o
    0x08005e9c   0x00000012   Code   RO          783    i.USBD_LL_SetUSBAddress  usbd_conf.o
    0x08005eae   0x0000005a   Code   RO         5187    i.USBD_LL_SetupStage  usbd_core.o
    0x08005f08   0x00000012   Code   RO          784    i.USBD_LL_StallEP   usbd_conf.o
    0x08005f1a   0x00000012   Code   RO          785    i.USBD_LL_Start     usbd_conf.o
    0x08005f2c   0x00000012   Code   RO         5188    i.USBD_LL_Suspend   usbd_core.o
    0x08005f3e   0x00000012   Code   RO          787    i.USBD_LL_Transmit  usbd_conf.o
    0x08005f50   0x00000028   Code   RO         5315    i.USBD_ParseSetupRequest  usbd_ctlreq.o
    0x08005f78   0x00000010   Code   RO         5189    i.USBD_RegisterClass  usbd_core.o
    0x08005f88   0x00000016   Code   RO         5191    i.USBD_SetClassConfig  usbd_core.o
    0x08005f9e   0x00000002   PAD
    0x08005fa0   0x00000084   Code   RO         5316    i.USBD_SetConfig    usbd_ctlreq.o
    0x08006024   0x0000000a   Code   RO         5192    i.USBD_Start        usbd_core.o
    0x0800602e   0x00000112   Code   RO         5317    i.USBD_StdDevReq    usbd_ctlreq.o
    0x08006140   0x00000150   Code   RO         5318    i.USBD_StdEPReq     usbd_ctlreq.o
    0x08006290   0x0000004e   Code   RO         5319    i.USBD_StdItfReq    usbd_ctlreq.o
    0x080062de   0x00000002   Code   RO          788    i.USBD_static_free  usbd_conf.o
    0x080062e0   0x00000008   Code   RO          789    i.USBD_static_malloc  usbd_conf.o
    0x080062e8   0x00000258   Code   RO         1279    i.USB_ActivateEndpoint  stm32f1xx_ll_usb.o
    0x08006540   0x00000004   Code   RO         1282    i.USB_CoreInit      stm32f1xx_ll_usb.o
    0x08006544   0x0000010e   Code   RO         1284    i.USB_DeactivateEndpoint  stm32f1xx_ll_usb.o
    0x08006652   0x00000004   Code   RO         1285    i.USB_DevConnect    stm32f1xx_ll_usb.o
    0x08006656   0x00000004   Code   RO         1286    i.USB_DevDisconnect  stm32f1xx_ll_usb.o
    0x0800665a   0x00000012   Code   RO         1287    i.USB_DevInit       stm32f1xx_ll_usb.o
    0x0800666c   0x0000000e   Code   RO         1288    i.USB_DisableGlobalInt  stm32f1xx_ll_usb.o
    0x0800667a   0x00000004   Code   RO         1289    i.USB_EP0_OutStart  stm32f1xx_ll_usb.o
    0x0800667e   0x00000078   Code   RO         1290    i.USB_EPClearStall  stm32f1xx_ll_usb.o
    0x080066f6   0x00000032   Code   RO         1291    i.USB_EPSetStall    stm32f1xx_ll_usb.o
    0x08006728   0x0000060c   Code   RO         1292    i.USB_EPStartXfer   stm32f1xx_ll_usb.o
    0x08006d34   0x00000012   Code   RO         1293    i.USB_EnableGlobalInt  stm32f1xx_ll_usb.o
    0x08006d46   0x00000002   PAD
    0x08006d48   0x0000000c   Code   RO          434    i.USB_HP_CAN1_TX_IRQHandler  stm32f1xx_it.o
    0x08006d54   0x0000000c   Code   RO          435    i.USB_LP_CAN1_RX0_IRQHandler  stm32f1xx_it.o
    0x08006d60   0x00000006   Code   RO         1300    i.USB_ReadInterrupts  stm32f1xx_ll_usb.o
    0x08006d66   0x00000002   PAD
    0x08006d68   0x0000002c   Code   RO         1301    i.USB_ReadPMA       stm32f1xx_ll_usb.o
    0x08006d94   0x00000004   Code   RO         1302    i.USB_SetCurrentMode  stm32f1xx_ll_usb.o
    0x08006d98   0x0000000c   Code   RO         1303    i.USB_SetDevAddress  stm32f1xx_ll_usb.o
    0x08006da4   0x00000026   Code   RO         1305    i.USB_WritePMA      stm32f1xx_ll_usb.o
    0x08006dca   0x00000002   Code   RO          436    i.UsageFault_Handler  stm32f1xx_it.o
    0x08006dcc   0x00000026   Code   RO         5548    i.WriteOneRegToADF4351  adf4351.o
    0x08006df2   0x00000002   PAD
    0x08006df4   0x00000094   Code   RO         5549    i.WriteToADF4351    adf4351.o
    0x08006e88   0x00000028   Code   RO         5948    i.__ARM_fpclassify  m_ws.l(fpclassify.o)
    0x08006eb0   0x00000020   Code   RO         1947    i.__NVIC_SetPriority  stm32f1xx_hal_cortex.o
    0x08006ed0   0x0000000e   Code   RO         6056    i.__mathlib_dbl_overflow  m_ws.l(dunder.o)
    0x08006ede   0x00000002   PAD
    0x08006ee0   0x00000010   Code   RO         6058    i.__mathlib_dbl_underflow  m_ws.l(dunder.o)
    0x08006ef0   0x00000010   Code   RO         5968    i.__mathlib_narrow  m_ws.l(narrow.o)
    0x08006f00   0x00000088   Code   RO         5969    i.__mathlib_tofloat  m_ws.l(narrow.o)
    0x08006f88   0x00000016   Code   RO         6015    i.__support_ldexp   m_ws.l(ldexp.o)
    0x08006f9e   0x0000000e   Code   RO         5739    i._is_digit         c_w.l(__printf_wp.o)
    0x08006fac   0x0000002a   Code   RO         5673    i.atof              m_ws.l(atof.o)
    0x08006fd6   0x00000002   PAD
    0x08006fd8   0x0000001c   Code   RO         5551    i.delay_us          adf4351.o
    0x08006ff4   0x00000058   Code   RO         5992    i.frexp             m_ws.l(frexp.o)
    0x0800704c   0x00000074   Code   RO         6016    i.ldexp             m_ws.l(ldexp.o)
    0x080070c0   0x0000002a   Code   RO           16    i.main              main.o
    0x080070ea   0x0000000c   Code   RO         4666    i.makeFreeRtosPriority  cmsis_os.o
    0x080070f6   0x0000000e   Code   RO         4668    i.osDelay           cmsis_os.o
    0x08007104   0x0000000a   Code   RO         4671    i.osKernelStart     cmsis_os.o
    0x0800710e   0x00000054   Code   RO         4705    i.osThreadCreate    cmsis_os.o
    0x08007162   0x00000002   PAD
    0x08007164   0x00000070   Code   RO         4363    i.prvAddCurrentTaskToDelayedList  tasks.o
    0x080071d4   0x000000d0   Code   RO         4364    i.prvAddNewTaskToReadyList  tasks.o
    0x080072a4   0x00000034   Code   RO         4365    i.prvDeleteTCB      tasks.o
    0x080072d8   0x0000004c   Code   RO         5033    i.prvHeapInit       heap_4.o
    0x08007324   0x00000060   Code   RO         4366    i.prvIdleTask       tasks.o
    0x08007384   0x0000008e   Code   RO         4367    i.prvInitialiseNewTask  tasks.o
    0x08007412   0x00000002   PAD
    0x08007414   0x0000004c   Code   RO         5034    i.prvInsertBlockIntoFreeList  heap_4.o
    0x08007460   0x00000020   Code   RO         4368    i.prvResetNextTaskUnblockTime  tasks.o
    0x08007480   0x00000028   Code   RO         5096    i.prvTaskExitError  port.o
    0x080074a8   0x000000d8   Code   RO         5035    i.pvPortMalloc      heap_4.o
    0x08007580   0x00000024   Code   RO         5097    i.pxPortInitialiseStack  port.o
    0x080075a4   0x00000068   Code   RO         4371    i.ulTaskNotifyTake  tasks.o
    0x0800760c   0x0000002c   Code   RO          689    i.usb_printf        usbd_cdc_if.o
    0x08007638   0x00000026   Code   RO         4008    i.uxListRemove      list.o
    0x0800765e   0x00000002   PAD
    0x08007660   0x00000014   Code   RO          286    i.vApplicationGetIdleTaskMemory  freertos.o
    0x08007674   0x00000016   Code   RO         4009    i.vListInitialise   list.o
    0x0800768a   0x00000006   Code   RO         4010    i.vListInitialiseItem  list.o
    0x08007690   0x00000030   Code   RO         4011    i.vListInsert       list.o
    0x080076c0   0x00000018   Code   RO         4012    i.vListInsertEnd    list.o
    0x080076d8   0x00000040   Code   RO         5099    i.vPortEnterCritical  port.o
    0x08007718   0x00000028   Code   RO         5100    i.vPortExitCritical  port.o
    0x08007740   0x0000005c   Code   RO         5036    i.vPortFree         heap_4.o
    0x0800779c   0x00000024   Code   RO         5101    i.vPortSetupTimerInterrupt  port.o
    0x080077c0   0x00000054   Code   RO         5102    i.vPortValidateInterruptPriority  port.o
    0x08007814   0x0000004c   Code   RO         4376    i.vTaskDelay        tasks.o
    0x08007860   0x000000b8   Code   RO         4381    i.vTaskNotifyGiveFromISR  tasks.o
    0x08007918   0x0000006c   Code   RO         4389    i.vTaskStartScheduler  tasks.o
    0x08007984   0x00000010   Code   RO         4391    i.vTaskSuspendAll   tasks.o
    0x08007994   0x0000005c   Code   RO         4392    i.vTaskSwitchContext  tasks.o
    0x080079f0   0x000000a8   Code   RO         5103    i.xPortStartScheduler  port.o
    0x08007a98   0x0000005a   Code   RO         4394    i.xTaskCreate       tasks.o
    0x08007af2   0x00000056   Code   RO         4395    i.xTaskCreateStatic  tasks.o
    0x08007b48   0x000000c8   Code   RO         4402    i.xTaskIncrementTick  tasks.o
    0x08007c10   0x000000c4   Code   RO         4408    i.xTaskResumeAll    tasks.o
    0x08007cd4   0x0000002c   Code   RO         5842    locale$$code        c_w.l(lc_numeric_c.o)
    0x08007d00   0x0000002c   Code   RO         5953    locale$$code        c_w.l(lc_ctype_c.o)
    0x08007d2c   0x00000062   Code   RO         5634    x$fpl$d2f           fz_ws.l(d2f.o)
    0x08007d8e   0x00000002   PAD
    0x08007d90   0x00000010   Code   RO         6050    x$fpl$dcheck1       fz_ws.l(dcheck1.o)
    0x08007da0   0x00000018   Code   RO         5776    x$fpl$dcmpinf       fz_ws.l(dcmpi.o)
    0x08007db8   0x00000078   Code   RO         5989    x$fpl$deqf          fz_ws.l(deqf.o)
    0x08007e30   0x0000002e   Code   RO         5637    x$fpl$dflt          fz_ws.l(dflt_clz.o)
    0x08007e5e   0x00000002   PAD
    0x08007e60   0x00000078   Code   RO         5642    x$fpl$dleqf         fz_ws.l(dleqf.o)
    0x08007ed8   0x0000009c   Code   RO         5778    x$fpl$dnaninf       fz_ws.l(dnaninf.o)
    0x08007f74   0x0000000c   Code   RO         5780    x$fpl$dretinf       fz_ws.l(dretinf.o)
    0x08007f80   0x0000006c   Code   RO         5644    x$fpl$drleqf        fz_ws.l(drleqf.o)
    0x08007fec   0x00000056   Code   RO         5646    x$fpl$f2d           fz_ws.l(f2d.o)
    0x08008042   0x00000002   PAD
    0x08008044   0x0000000c   Code   RO         5782    x$fpl$fcheck1       fz_ws.l(fcheck1.o)
    0x08008050   0x00000018   Code   RO         5784    x$fpl$fcmpinf       fz_ws.l(fcmpi.o)
    0x08008068   0x00000184   Code   RO         5649    x$fpl$fdiv          fz_ws.l(fdiv.o)
    0x080081ec   0x00000068   Code   RO         5652    x$fpl$feqf          fz_ws.l(feqf.o)
    0x08008254   0x00000036   Code   RO         5654    x$fpl$ffix          fz_ws.l(ffix.o)
    0x0800828a   0x00000002   PAD
    0x0800828c   0x0000003e   Code   RO         5658    x$fpl$ffixu         fz_ws.l(ffixu.o)
    0x080082ca   0x00000002   PAD
    0x080082cc   0x00000026   Code   RO         5662    x$fpl$ffltu         fz_ws.l(fflt_clz.o)
    0x080082f2   0x00000002   PAD
    0x080082f4   0x00000102   Code   RO         5668    x$fpl$fmul          fz_ws.l(fmul.o)
    0x080083f6   0x0000008c   Code   RO         5786    x$fpl$fnaninf       fz_ws.l(fnaninf.o)
    0x08008482   0x0000000a   Code   RO         5788    x$fpl$fretinf       fz_ws.l(fretinf.o)
    0x0800848c   0x00000004   Code   RO         5790    x$fpl$printf1       fz_ws.l(printf1.o)
    0x08008490   0x00000004   Code   RO         5792    x$fpl$printf2       fz_ws.l(printf2.o)
    0x08008494   0x00000064   Code   RO         5844    x$fpl$retnan        fz_ws.l(retnan.o)
    0x080084f8   0x0000005c   Code   RO         6012    x$fpl$scalbn        fz_ws.l(scalbn.o)
    0x08008554   0x0000004c   Code   RO         5670    x$fpl$scalbnf       fz_ws.l(scalbnf.o)
    0x080085a0   0x00000004   Code   RO         5846    x$fpl$scanf1        fz_ws.l(scanf1.o)
    0x080085a4   0x00000008   Code   RO         5962    x$fpl$scanf2        fz_ws.l(scanf2.o)
    0x080085ac   0x00000030   Code   RO         5946    x$fpl$trapveneer    fz_ws.l(trapv.o)
    0x080085dc   0x00000000   Code   RO         5798    x$fpl$usenofp       fz_ws.l(usenofp.o)
    0x080085dc   0x00000054   Data   RO          288    .constdata          freertos.o
    0x08008630   0x00000010   Data   RO         3871    .constdata          system_stm32f1xx.o
    0x08008640   0x00000008   Data   RO         3872    .constdata          system_stm32f1xx.o
    0x08008648   0x00000008   Data   RO         5698    .constdata          c_w.l(_printf_wctomb.o)
    0x08008650   0x00000028   Data   RO         5727    .constdata          c_w.l(_printf_hex_int_ll_ptr.o)
    0x08008678   0x00000011   Data   RO         5747    .constdata          c_w.l(__printf_flags_ss_wp.o)
    0x08008689   0x00000026   Data   RO         5828    .constdata          c_w.l(_printf_fp_hex.o)
    0x080086af   0x00000001   PAD
    0x080086b0   0x00000094   Data   RO         5865    .constdata          c_w.l(bigflt0.o)
    0x08008744   0x00000024   Data   RO          289    .conststring        freertos.o
    0x08008768   0x00000020   Data   RO         6103    Region$$Table       anon$$obj.o
    0x08008788   0x00000008   Data   RO         5957    c$$dinf             fz_ws.l(fpconst.o)
    0x08008790   0x0000001c   Data   RO         5841    locale$$data        c_w.l(lc_numeric_c.o)
    0x080087ac   0x00000110   Data   RO         5952    locale$$data        c_w.l(lc_ctype_c.o)


    Execution Region RW_IRAM1 (Base: 0x20000000, Size: 0x00002c58, Max: 0x00005000, ABSOLUTE, COMPRESSED[0x000000c8])

    Base Addr    Size         Type   Attr      Idx    E Section Name        Object

    0x20000000   0x00000014   Data   RW          290    .data               freertos.o
    0x20000014   0x0000001c   Data   RW          607    .data               usbd_desc.o
    0x20000030   0x00000032   Data   RW          608    .data               usbd_desc.o
    0x20000062   0x00000002   PAD
    0x20000064   0x00000010   Data   RW          691    .data               usbd_cdc_if.o
    0x20000074   0x00000004   Data   RW          692    .data               usbd_cdc_if.o
    0x20000078   0x0000000c   Data   RW         1484    .data               stm32f1xx_hal.o
    0x20000084   0x00000004   Data   RW         3873    .data               system_stm32f1xx.o
    0x20000088   0x0000003c   Data   RW         4411    .data               tasks.o
    0x200000c4   0x00000018   Data   RW         5041    .data               heap_4.o
    0x200000dc   0x0000000c   Data   RW         5104    .data               port.o
    0x200000e8   0x00000001   Data   RW         5320    .data               usbd_ctlreq.o
    0x200000e9   0x00000003   PAD
    0x200000ec   0x000000d7   Data   RW         5452    .data               usbd_cdc.o
    0x200001c3   0x00000001   PAD
    0x200001c4   0x00000038   Data   RW         5453    .data               usbd_cdc.o
    0x200001fc   0x00000254   Zero   RW          287    .bss                freertos.o
    0x20000450   0x00000054   Zero   RW          359    .bss                i2c.o
    0x200004a4   0x0000000c   Zero   RW          399    .bss                iwdg.o
    0x200004b0   0x00000048   Zero   RW          531    .bss                stm32f1xx_hal_timebase_tim.o
    0x200004f8   0x000002c4   Zero   RW          568    .bss                usb_device.o
    0x200007bc   0x00000200   Zero   RW          606    .bss                usbd_desc.o
    0x200009bc   0x00000840   Zero   RW          690    .bss                usbd_cdc_if.o
    0x200011fc   0x0000050c   Zero   RW          790    .bss                usbd_conf.o
    0x20001708   0x000000f0   Zero   RW         4410    .bss                tasks.o
    0x200017f8   0x00000c00   Zero   RW         5040    .bss                heap_4.o
    0x200023f8   0x00000060   Zero   RW         5849    .bss                c_w.l(libspace.o)
    0x20002458   0x00000400   Zero   RW            2    HEAP                startup_stm32f103xb.o
    0x20002858   0x00000400   Zero   RW            1    STACK               startup_stm32f103xb.o


==============================================================================

Image component sizes


      Code (inc. data)   RO Data    RW Data    ZI Data      Debug   Object Name

       780         64          0          0          0       4972   adf4351.o
       120          0          0          0          0      22061   cmsis_os.o
         0          0          0          0          0      18132   event_groups.o
      1436        550        120         20        596       5242   freertos.o
       252         20          0          0          0       1387   gpio.o
       460         24          0         24       3072       6883   heap_4.o
       156         26          0          0         84       1621   i2c.o
        44          8          0          0         12        675   iwdg.o
       138          0          0          0          0       3110   list.o
       192          6          0          0          0     479011   main.o
       662         70          0         12          0      10905   port.o
        64         26        236          0       2048        796   startup_stm32f103xb.o
       100         18          0         12          0       5102   stm32f1xx_hal.o
       158         14          0          0          0      27774   stm32f1xx_hal_cortex.o
       506         34          0          0          0       3041   stm32f1xx_hal_gpio.o
      2262         56          0          0          0      10718   stm32f1xx_hal_i2c.o
       102          0          0          0          0       1711   stm32f1xx_hal_iwdg.o
        52          4          0          0          0        814   stm32f1xx_hal_msp.o
      2980          0          0          0          0      12021   stm32f1xx_hal_pcd.o
        60          0          0          0          0       1054   stm32f1xx_hal_pcd_ex.o
      1316        104          0          0          0       5290   stm32f1xx_hal_rcc.o
       236         12          0          0          0       1300   stm32f1xx_hal_rcc_ex.o
       654         26          0          0          0       6716   stm32f1xx_hal_tim.o
         4          0          0          0          0       1501   stm32f1xx_hal_tim_ex.o
       152         20          0          0         72       1379   stm32f1xx_hal_timebase_tim.o
        48         18          0          0          0       3788   stm32f1xx_it.o
      2758          0          0          0          0      14863   stm32f1xx_ll_usb.o
         0          0          0          0          0        392   stream_buffer.o
         2          0         24          4          0       1071   system_stm32f1xx.o
      1794        128          0         60        240      16602   tasks.o
        84         18          0          0        708        764   usb_device.o
       726         16          0        271          0      11838   usbd_cdc.o
       240         44          0         20       2112      18934   usbd_cdc_if.o
       572         30          0          0       1292      12921   usbd_conf.o
       670          0          0          0          0       8471   usbd_core.o
      1186         28          0          1          0       6612   usbd_ctlreq.o
       288        104          0         78        512       5477   usbd_desc.o
       132          0          0          0          0       3900   usbd_ioreq.o

    ----------------------------------------------------------------------
     21422       1468        412        508      10748     738849   Object Totals
         0          0         32          0          0          0   (incl. Generated)
        36          0          0          6          0          0   (incl. Padding)

    ----------------------------------------------------------------------

      Code (inc. data)   RO Data    RW Data    ZI Data      Debug   Library Member Name

        90          0          0          0          0          0   __dczerorl2.o
         8          0          0          0          0         68   __main.o
       392          4         17          0          0         92   __printf_flags_ss_wp.o
        14          0          0          0          0         68   __printf_wp.o
         0          0          0          0          0          0   __rtentry.o
        12          0          0          0          0          0   __rtentry2.o
         6          0          0          0          0          0   __rtentry4.o
        52          8          0          0          0          0   __scatter.o
        28          0          0          0          0          0   __scatter_zi.o
        28          0          0          0          0         68   _chval.o
         6          0          0          0          0          0   _printf_a.o
         6          0          0          0          0          0   _printf_c.o
        44          0          0          0          0        108   _printf_char.o
        48          6          0          0          0         96   _printf_char_common.o
        40          0          0          0          0         68   _printf_charcount.o
         6          0          0          0          0          0   _printf_d.o
       120         16          0          0          0         92   _printf_dec.o
         6          0          0          0          0          0   _printf_e.o
         6          0          0          0          0          0   _printf_f.o
      1050          0          0          0          0        216   _printf_fp_dec.o
       764         10         38          0          0        100   _printf_fp_hex.o
       128         16          0          0          0         84   _printf_fp_infnan.o
         6          0          0          0          0          0   _printf_g.o
       148          4         40          0          0        160   _printf_hex_int_ll_ptr.o
         6          0          0          0          0          0   _printf_i.o
       178          0          0          0          0         88   _printf_intcommon.o
        10          0          0          0          0          0   _printf_l.o
         6          0          0          0          0          0   _printf_lc.o
        10          0          0          0          0          0   _printf_ll.o
         6          0          0          0          0          0   _printf_lld.o
         6          0          0          0          0          0   _printf_lli.o
         6          0          0          0          0          0   _printf_llo.o
         6          0          0          0          0          0   _printf_llu.o
         6          0          0          0          0          0   _printf_llx.o
       124         16          0          0          0         92   _printf_longlong_dec.o
         6          0          0          0          0          0   _printf_ls.o
         6          0          0          0          0          0   _printf_n.o
         6          0          0          0          0          0   _printf_o.o
       112          8          0          0          0        124   _printf_oct_int_ll.o
         6          0          0          0          0          0   _printf_p.o
        78          0          0          0          0        108   _printf_pad.o
         0          0          0          0          0          0   _printf_percent.o
         4          0          0          0          0          0   _printf_percent_end.o
         6          0          0          0          0          0   _printf_s.o
        82          0          0          0          0         80   _printf_str.o
        36          0          0          0          0         84   _printf_truncate.o
         6          0          0          0          0          0   _printf_u.o
        44          0          0          0          0        108   _printf_wchar.o
       188          6          8          0          0         92   _printf_wctomb.o
         6          0          0          0          0          0   _printf_x.o
        22          0          0          0          0        100   _rserrno.o
        64          0          0          0          0         84   _sgetc.o
        16          0          0          0          0         68   _snputc.o
        10          0          0          0          0         68   _sputc.o
        64          0          0          0          0         92   _wcrtomb.o
       220          4        148          0          0         96   bigflt0.o
      2074        132          0          0          0        940   btod.o
        12          0          0          0          0         72   exit.o
         6          0          0          0          0        152   heapauxi.o
         0          0          0          0          0          0   indicate_semi.o
        18          0          0          0          0         76   isspace.o
        44         10        272          0          0         76   lc_ctype_c.o
        44         10         28          0          0         76   lc_numeric_c.o
         2          0          0          0          0          0   libinit.o
        30          0          0          0          0          0   libinit2.o
         2          0          0          0          0          0   libshutdown.o
         2          0          0          0          0          0   libshutdown2.o
         8          4          0          0         96         68   libspace.o
        38          0          0          0          0         68   llshl.o
       138          0          0          0          0         80   lludiv10.o
        16          4          0          0          0         76   rt_ctype_table.o
         8          4          0          0          0         68   rt_errno_addr_intlibspace.o
         8          4          0          0          0         68   rt_locale_intlibspace.o
        78          0          0          0          0         80   rt_memclr_w.o
       138          0          0          0          0         68   rt_memcpy_v6.o
       100          0          0          0          0         80   rt_memcpy_w.o
         2          0          0          0          0          0   rtexit.o
        10          0          0          0          0          0   rtexit2.o
      1188         12          0          0          0        148   scanf_fp.o
       792         14          0          0          0        100   scanf_hexfp.o
       308         16          0          0          0        100   scanf_infnan.o
       128          0          0          0          0         68   strcmpv7m.o
        36          0          0          0          0         80   strstr.o
       160         12          0          0          0        120   strtod.o
        12          4          0          0          0         68   sys_exit.o
        74          0          0          0          0         80   sys_stackheap_outer.o
         2          0          0          0          0         68   use_no_semi.o
        52          4          0          0          0         80   vsnprintf.o
        98          4          0          0          0         92   d2f.o
        16          4          0          0          0         68   dcheck1.o
        24          0          0          0          0         68   dcmpi.o
       120          4          0          0          0         92   deqf.o
        46          0          0          0          0         68   dflt_clz.o
       120          4          0          0          0         92   dleqf.o
       156          4          0          0          0         92   dnaninf.o
        12          0          0          0          0         68   dretinf.o
       108          0          0          0          0         80   drleqf.o
        86          4          0          0          0         84   f2d.o
        12          4          0          0          0         68   fcheck1.o
        24          0          0          0          0         68   fcmpi.o
       388         76          0          0          0         96   fdiv.o
       104          4          0          0          0         84   feqf.o
        54          4          0          0          0         84   ffix.o
        62          4          0          0          0         84   ffixu.o
        38          0          0          0          0         68   fflt_clz.o
       258          4          0          0          0         84   fmul.o
       140          4          0          0          0         84   fnaninf.o
         0          0          8          0          0          0   fpconst.o
        10          0          0          0          0         68   fretinf.o
         4          0          0          0          0         68   printf1.o
         4          0          0          0          0         68   printf2.o
       100          0          0          0          0         68   retnan.o
        92          0          0          0          0         68   scalbn.o
        76          0          0          0          0         68   scalbnf.o
         4          0          0          0          0         68   scanf1.o
         8          0          0          0          0         84   scanf2.o
        48          0          0          0          0         68   trapv.o
         0          0          0          0          0          0   usenofp.o
        42          0          0          0          0         84   atof.o
        30          6          0          0          0        136   dunder.o
        40          0          0          0          0         68   fpclassify.o
        88          8          0          0          0         76   frexp.o
       138          0          0          0          0        160   ldexp.o
       152          4          0          0          0        168   narrow.o

    ----------------------------------------------------------------------
     12610        470        560          0         96       8308   Library Totals
        24          0          1          0          0          0   (incl. Padding)

    ----------------------------------------------------------------------

      Code (inc. data)   RO Data    RW Data    ZI Data      Debug   Library Name

      9884        328        551          0         96       5464   c_w.l
      2212        124          8          0          0       2152   fz_ws.l
       490         18          0          0          0        692   m_ws.l

    ----------------------------------------------------------------------
     12610        470        560          0         96       8308   Library Totals

    ----------------------------------------------------------------------

==============================================================================


      Code (inc. data)   RO Data    RW Data    ZI Data      Debug   

     34032       1938        972        508      10844     730721   Grand Totals
     34032       1938        972        200      10844     730721   ELF Image Totals (compressed)
     34032       1938        972        200          0          0   ROM Totals

==============================================================================

    Total RO  Size (Code + RO Data)                35004 (  34.18kB)
    Total RW  Size (RW Data + ZI Data)             11352 (  11.09kB)
    Total ROM Size (Code + RO Data + RW Data)      35204 (  34.38kB)

==============================================================================

